******************************************************************************
                  TI ARM Linker PC v20.2.7                     
******************************************************************************
>> Linked Wed Dec  4 15:05:52 2024

OUTPUT FILE NAME:   <udpecho_MSP_EXP432E401Y_tirtos_ccs.out>
ENTRY POINT SYMBOL: "_c_int00"  address: 00019b5d


MEMORY CONFIGURATION

         name            origin    length      used     unused   attr    fill
----------------------  --------  ---------  --------  --------  ----  --------
  FLASH                 00000000   00100000  00021ebc  000de144  R  X
  SRAM                  20000000   00040000  000340ce  0000bf32  RW X


SEGMENT ALLOCATION MAP

run origin  load origin   length   init length attrs members
----------  ----------- ---------- ----------- ----- -------
00000000    00000000    00021ec8   00021ec8    r-x
  00000000    00000000    0000003c   0000003c    r-- .resetVecs
  00000040    00000040    0002061a   0002061a    r-x .text
  0002065c    0002065c    00000d66   00000d66    r-- .const
  000213c8    000213c8    00000b00   00000b00    r-- .cinit
20000360    20000360    00020000   00000000    r--
  20000360    20000360    00020000   00000000    r-- .priheap
20020400    20020400    0001396e   00000000    rw-
  20020400    20020400    000103d8   00000000    rw- .bss
  200307d8    200307d8    00003596   00000000    rw- .data
2003fc00    2003fc00    00000400   00000000    rw-
  2003fc00    2003fc00    00000400   00000000    rw- .stack


SECTION ALLOCATION MAP

 output                                  attributes/
section   page    origin      length       input sections
--------  ----  ----------  ----------   ----------------
.text      0    00000040    0002061a     
                  00000040    00000d0c     stk.aem4f : tcpin.oem4f (.text:TcpInput)
                  00000d4c    00000c78     commands.obj (.text:helpCommand)
                  000019c4    00000a4e     rtsv7M4_T_le_v4SPD16_eabi.lib : _printfi.c.obj (.text:__TI_printfi)
                  00002412    00000002     ti_drivers_config.obj (.text:Board_initHook)
                  00002414    0000090c     stk.aem4f : tcpout.oem4f (.text:TcpOutput)
                  00002d20    000004f0     slnetifndk_msp432e4.aem4f : slnetifndk.oem4f (.text:SlNetIfNDK_getSockOpt)
                  00003210    0000048c     stk.aem4f : ipout.oem4f (.text:IPTxPacket)
                  0000369c    00000004     drivers_msp432e4.aem4f : ADCBufMSP432E4.oem4f (.text:ADCBufMSP432E4_getResolution)
                  000036a0    00000468     sysbios.aem4f : BIOS.obj (.text:xdc_runtime_System_doPrint__I)
                  00003b08    00000430     commands.obj (.text:tickerCommand)
                  00003f38    000003c0     commands.obj (.text:scriptCommand)
                  000042f8    000003a0     stk.aem4f : ipin.oem4f (.text:IPRxPacket)
                  00004698    000003a0     commands.obj (.text:regCommand)
                  00004a38    00000396     nettool_ipv4.aem4f : dnscomn.oem4f (.text:DNSResolveByName)
                  00004dce    00000002     stk.aem4f : nat.oem4f (.text:NatMsg)
                  00004dd0    00000350     slnetsock_release.a : slnetutils.oem4f (.text:SlNetUtil_getAddrInfo)
                  00005120    0000030a     nettool_ipv4.aem4f : dnscomn.oem4f (.text:DNSResolveByAddr)
                  0000542a    00000002     drivers_msp432e4.aem4f : TimerMSP432E4.oem4f (.text:TimerMSP432E4_init)
                  0000542c    000002f0                            : UARTMSP432E4.oem4f (.text:UARTMSP432E4_open)
                  0000571c    000002ec     slnetifndk_msp432e4.aem4f : slnetifndk.oem4f (.text:SlNetIfNDK_setSockOpt)
                  00005a08    000002ea     nettool_ipv4.aem4f : dnscomn.oem4f (.text:DNSResolveByNS)
                  00005cf2    00000002     drivers_msp432e4.aem4f : UARTMSP432E4.oem4f (.text:UARTMSP432E4_init)
                  00005cf4    000002d0     main_tirtos.obj (.text:Sys_init)
                  00005fc4    000002c8     parser.obj (.text:commandHandler)
                  0000628c    000002ac     stk.aem4f : sock.oem4f (.text:SockSet)
                  00006538    000002a0     sysbios.aem4f : BIOS.obj (.text:ti_sysbios_family_arm_msp432e4_init_Boot_sysCtlClockFreqSetI__I)
                  000067d8    00000274     stk.aem4f : icmpin.oem4f (.text:ICMPInput)
                  00006a4c    00000270     rtsv7M4_T_le_v4SPD16_eabi.lib : _printfi.c.obj (.text:_pconv_a)
                  00006cbc    0000026a     commands.obj (.text:gpioCommand)
                  00006f26    0000025e     stk.aem4f : fileuser.oem4f (.text:fdPoll)
                  00007184    0000025c               : ipfrag.oem4f (.text:IPReasm)
                  000073e0    00000258     commands.obj (.text:ifCommand)
                  00007638    0000023c     udpEcho.obj (.text:UDPtxFxn)
                  00007874    0000023a     msp432e4_driverlib.a : gpio.o (.text:GPIOPadConfigSet)
                  00007aae    00000002     hal_ser_stub.aem4f : llserstb.oem4f (.text:_llSerialServiceCheck)
                  00007ab0    00000238     commands.obj (.text:callbackCommand)
                  00007ce8    00000230     stk.aem4f : udp.oem4f (.text:UdpInput)
                  00007f18    00000230     commands.obj (.text:errorCommand)
                  00008148    00000218     netctrl_min_ipv4.aem4f : netctrl.oem4f (.text:NC_NetStart)
                  00008360    00000218     slnetifndk_msp432e4.aem4f : slnetifndk.oem4f (.text:SlNetIfNDK_recvFrom)
                  00008578    00000214     drivers_msp432e4.aem4f : ADCBufMSP432E4.oem4f (.text:ADCBufMSP432E4_open)
                  0000878c    00000208     udpEcho.obj (.text:UDPrxFxn)
                  00008994    00000200     slnetifndk_msp432e4.aem4f : slnetifndk.oem4f (.text:SlNetIfNDK_sendTo)
                  00008b94    000001fc     drivers_msp432e4.aem4f : SPIMSP432E4DMA.oem4f (.text:SPIMSP432E4DMA_transfer)
                  00008d90    000001f8     stk.aem4f : sock.oem4f (.text:SockGet)
                  00008f88    000001ec     slnetifndk_msp432e4.aem4f : slnetifndk.oem4f (.text:SlNetIfNDK_accept)
                  00009174    000001ec     stk.aem4f : sock.oem4f (.text:SockRecv)
                  00009360    000001ea     nettool_ipv4.aem4f : dnspkt.oem4f (.text:DNSGetReply)
                  0000954a    00000002     hal_ser_stub.aem4f : llserstb.oem4f (.text:_llSerialShutdown)
                  0000954c    000001d0     stk.aem4f : lliin.oem4f (.text:LLIRxPacket)
                  0000971c    000001d0     rtsv7M4_T_le_v4SPD16_eabi.lib : _printfi.c.obj (.text:_pconv_g)
                  000098ec    000001c8     drivers_msp432e4.aem4f : EMACMSP432E4.oem4f (.text:EMACMSP432E4_emacStart)
                  00009ab4    000001c0                            : ADCBufMSP432E4.oem4f (.text:primeConvert)
                  00009c74    000001b6     rtsv7M4_T_le_v4SPD16_eabi.lib : fd_add_t2.asm.obj (.text)
                  00009e2a    00000002     hal_userled_stub.aem4f : llled.oem4f (.text:_llUserLedInit)
                  00009e2c    000001b4     drivers_msp432e4.aem4f : SPIMSP432E4DMA.oem4f (.text:SPIMSP432E4DMA_open)
                  00009fe0    000001b4     stk.aem4f : sock.oem4f (.text:SockNew)
                  0000a194    000001b0               : lliout.oem4f (.text:LLITxIpPacket)
                  0000a344    000001b0               : udp.oem4f (.text:UdpOutput)
                  0000a4f4    0000019c     os.aem4f : mem.oem4f (.text:mmAlloc)
                  0000a690    00000198     nettool_ipv4.aem4f : dnsclnt.oem4f (.text:DNSResolve)
                  0000a828    00000198     stk.aem4f : igmp.oem4f (.text:IGMPInput)
                  0000a9c0    00000198     slnetsock_release.a : slnetsock.oem4f (.text:SlNetSock_select)
                  0000ab58    00000194     nettool_ipv4.aem4f : dhcpmain.oem4f (.text:DHCPOpen)
                  0000acec    00000190     udpEcho.obj (.text:UDPParse)
                  0000ae7c    00000190     udpEchoHooks.obj (.text:netIPAddrHook)
                  0000b00c    00000188     nettool_ipv4.aem4f : ipaddr.oem4f (.text:NtGetPublicHost)
                  0000b194    00000188     stk.aem4f : fileuser.oem4f (.text:fdSelect)
                  0000b31c    00000188     release_pem4f.oem4f (.text:xdc_runtime_System_printfExtend__I)
                  0000b4a4    00000184     drivers_msp432e4.aem4f : GPIOMSP432E4.oem4f (.text:GPIO_setConfig)
                  0000b628    00000184     slnetifndk_msp432e4.aem4f : slnetifndk.oem4f (.text:SlNetIfNDK_getPeerName)
                  0000b7ac    00000184                               : slnetifndk.oem4f (.text:SlNetIfNDK_getSockName)
                  0000b930    0000017c     drivers_msp432e4.aem4f : EMACMSP432E4.oem4f (.text:EMACMSP432E4_NIMUInit)
                  0000baac    00000178     slnetifndk_msp432e4.aem4f : slnetifndk.oem4f (.text:SlNetIfNDK_recv)
                  0000bc24    00000178     stk.aem4f : tcpout.oem4f (.text:TcpGenPacket)
                  0000bd9c    00000170     nettool_ipv4.aem4f : dnscomn.oem4f (.text:DNSResolveExternal)
                  0000bf0c    00000170     stk.aem4f : rtc.oem4f (.text:RTCReport)
                  0000c07c    0000016d     nettool_ipv4.aem4f : dnspkt.oem4f (.text:DNSReadRecord)
                  0000c1e9    00000001     --HOLE-- [fill = 0]
                  0000c1ea    00000002     hal_userled_stub.aem4f : llled.oem4f (.text:_llUserLedShutdown)
                  0000c1ec    0000016c     slnetifndk_msp432e4.aem4f : slnetifndk.oem4f (.text:SlNetIfNDK_send)
                  0000c358    0000016a     stk.aem4f : sb.oem4f (.text:SBRead)
                  0000c4c2    00000002     rtsv7M4_T_le_v4SPD16_eabi.lib : _lock.c.obj (.text:_nop)
                  0000c4c4    00000168     slnetifndk_msp432e4.aem4f : slnetifndk.oem4f (.text:SlNetIfNDK_connect)
                  0000c62c    00000160     stk.aem4f : icmp.oem4f (.text:ICMPGenPacket)
                  0000c78c    00000160               : sock.oem4f (.text:SockConnect)
                  0000c8ec    00000158               : nimu.oem4f (.text:NIMUInit)
                  0000ca44    00000004               : bind.oem4f (.text:BindGetIF)
                  0000ca48    00000154     sysbios.aem4f : BIOS.obj (.text:ti_sysbios_knl_Task_Instance_finalize__E)
                  0000cb9c    00000150     callback.obj (.text:timer1Callback)
                  0000ccec    00000148     ti_ndk_config.obj (.text:ndkStackThread)
                  0000ce34    00000144     stk.aem4f : bind.oem4f (.text:BindNew)
                  0000cf78    00000144     slnetifndk_msp432e4.aem4f : slnetifndk.oem4f (.text:SlNetIfNDK_select)
                  0000d0bc    00000144     stk.aem4f : sockpcb.oem4f (.text:SockPcbResolve)
                  0000d200    00000140     drivers_msp432e4.aem4f : ADCBufMSP432E4.oem4f (.text:ADCBufMSP432E4_hwiIntFxn)
                  0000d340    00000140     stk.aem4f : tcp.oem4f (.text:TcpTimeoutCheck)
                  0000d480    0000013c     nettool_ipv4.aem4f : config.oem4f (.text:CfgAddEntry)
                  0000d5bc    0000013c     netctrl_min_ipv4.aem4f : netctrl.oem4f (.text:NetScheduler)
                  0000d6f8    0000013c     slnetifndk_msp432e4.aem4f : slnetifndk.oem4f (.text:SlNetIfNDK_ifCreateContext)
                  0000d834    0000013c     stk.aem4f : sockint.oem4f (.text:SockNotify)
                  0000d970    0000013c               : sock.oem4f (.text:SockSend)
                  0000daac    0000013c     rtsv7M4_T_le_v4SPD16_eabi.lib : _printfi.c.obj (.text:_pconv_e)
                  0000dbe8    00000136                                   : fd_div_t2.asm.obj (.text)
                  0000dd1e    00000002     commands.obj (.text:audioCommand)
                  0000dd20    00000134     drivers_msp432e4.aem4f : EMACMSP432E4.oem4f (.text:EMACMSP432E4_handleRx)
                  0000de54    00000130     rtsv7M4_T_le_v4SPD16_eabi.lib : strtol.c.obj (.text:strtol)
                  0000df84    00000004     stk.aem4f : bind.oem4f (.text:BindGetNext)
                  0000df88    00000130     sysbios.aem4f : BIOS.obj (.text:ti_sysbios_knl_Semaphore_pend__E)
                  0000e0b8    0000012e     drivers_msp432e4.aem4f : SPIMSP432E4DMA.oem4f (.text:SPIMSP432E4DMA_transferCancel)
                  0000e1e6    00000002     hal_ser_stub.aem4f : llserstb.oem4f (.text:llSerialService)
                  0000e1e8    00000124     rtsv7M4_T_le_v4SPD16_eabi.lib : _printfi.c.obj (.text:fcvt)
                  0000e30c    00000124     parser.obj (.text:parser)
                  0000e430    00000124     sine.obj (.text:sineHandler)
                  0000e554    00000120     slnetsock_release.a : errnoutil.oem4f (.text:ErrnoUtil_set)
                  0000e674    00000120     slnetifndk_msp432e4.aem4f : slnetifndk.oem4f (.text:SlNetIfNDK_close)
                  0000e794    00000004     dpl_msp432e4.aem4f : ClockP_tirtos.oem4f (.text:ClockP_getCpuFreq)
                  0000e798    00000120     sysbios.aem4f : BIOS.obj (.text:xdc_runtime_Startup_startMods__I)
                  0000e8b8    0000011c     drivers_msp432e4.aem4f : ADCBufMSP432E4.oem4f (.text:ADCBufMSP423E4_noDMAhwiIntFxn)
                  0000e9d4    00000118                            : TimerMSP432E4.oem4f (.text:TimerMSP432E4_open)
                  0000eaec    00000114     stk.aem4f : nimu.oem4f (.text:NIMUIoctl)
                  0000ec00    00000114               : raw.oem4f (.text:RawInput)
                  0000ed14    00000114     slnetifndk_msp432e4.aem4f : slnetifndk.oem4f (.text:SlNetIfNDK_getIPAddr)
                  0000ee28    00000114     rtsv7M4_T_le_v4SPD16_eabi.lib : fputs.c.obj (.text:fputs)
                  0000ef3c    00000110     stk.aem4f : node.oem4f (.text:NodeTreeFree)
                  0000f04c    00000110               : route.oem4f (.text:RtCreate)
                  0000f15c    00000110               : rtable.oem4f (.text:RtFind)
                  0000f26c    00000110     rtsv7M4_T_le_v4SPD16_eabi.lib : s_scalbn.c.obj (.text:scalbn)
                  0000f37c    00000110     commands.obj (.text:sineCommand)
                  0000f48c    00000110     rtsv7M4_T_le_v4SPD16_eabi.lib : strtoul.c.obj (.text:strtoul)
                  0000f59c    00000004     dpl_msp432e4.aem4f : ClockP_tirtos.oem4f (.text:ClockP_setTimeout)
                  0000f5a0    00000110     sysbios.aem4f : BIOS.obj (.text:ti_sysbios_knl_Task_postInit__I)
                  0000f6b0    0000010c     slnetifndk_msp432e4.aem4f : slnetifndk.oem4f (.text:getBSDSlNetErr)
                  0000f7bc    00000004     dpl_msp432e4.aem4f : ClockP_tirtos.oem4f (.text:ClockP_start)
                  0000f7c0    0000010c     sysbios.aem4f : BIOS.obj (.text:ti_sysbios_family_arm_lm4_Timer_start__E)
                  0000f8cc    0000010a     stk.aem4f : tcpprot.oem4f (.text:TcpPrSetOption)
                  0000f9d6    00000002     rtsv7M4_T_le_v4SPD16_eabi.lib : div0.asm.obj (.text)
                  0000f9d8    00000108     slnetsock_release.a : slnetutils.oem4f (.text:SlNetUtil_str2BinIpV6)
                  0000fae0    00000104     drivers_msp432e4.aem4f : SPIMSP432E4DMA.oem4f (.text:configNextTransfer)
                  0000fbe4    00000104     nettool_ipv4.aem4f : dhcppkt.oem4f (.text:dhcpPacketProcess)
                  0000fce8    00000102                        : inetaddr.oem4f (.text:inet_aton)
                  0000fdea    00000002     stream.obj (.text:stream)
                  0000fdec    00000100     stk.aem4f : icmp.oem4f (.text:ICMPSendRtAdv)
                  0000feec    00000100               : igmp.oem4f (.text:IGMPSendReply)
                  0000ffec    000000fc     rtsv7M4_T_le_v4SPD16_eabi.lib : fd_mul_t2.asm.obj (.text)
                  000100e8    000000f8     drivers_msp432e4.aem4f : ADCBufMSP432E4.oem4f (.text:ADCBufMSP432E4_close)
                  000101e0    000000f8     slnetsock_release.a : slnetutils.oem4f (.text:SlNetUtil_inetAton)
                  000102d8    000000f8     rtsv7M4_T_le_v4SPD16_eabi.lib : s_floor.c.obj (.text:floor)
                  000103d0    000000f8     os.aem4f : os_ll.oem4f (.text:llEnter)
                  000104c8    000000f8     commands.obj (.text:timerCommand)
                  000105c0    000000f8     sysbios.aem4f : BIOS.obj (.text:timer_create)
                  000106b8    000000f4     stk.aem4f : sock.oem4f (.text:SockClose)
                  000107ac    000000f0               : lliout.oem4f (.text:LLIGenArpPacket)
                  0001089c    000000f0               : rawethsock.oem4f (.text:RawEthSockNew)
                  0001098c    00000004     dpl_msp432e4.aem4f : ClockP_tirtos.oem4f (.text:ClockP_stop)
                  00010990    000000f0     sysbios.aem4f : BIOS.obj (.text:pthread_create)
                  00010a80    000000f0                   : m3_Hwi_asm.obj (.text:ti_sysbios_family_arm_m3_Hwi_dispatch__I)
                  00010b70    000000f0     msp432e4_driverlib.a : udma.o (.text:uDMAChannelTransferSet)
                  00010c60    000000ee                          : adc.o (.text:ADCSequenceStepConfigure)
                  00010d4e    000000ee     nettool_ipv4.aem4f : dnspkt.oem4f (.text:DNSWriteRecord)
                  00010e3c    000000ee     slnetifndk_msp432e4.aem4f : slnetifndk.oem4f (.text:SlNetIfNDK_socket)
                  00010f2a    00000006     drivers_msp432e4.aem4f : ADCBufMSP432E4.oem4f (.text:ADCBufMSP432E4_adjustRawValues)
                  00010f30    000000ec     sysbios.aem4f : BIOS.obj (.text:clock_gettime)
                  0001101c    000000ea     stk.aem4f : pipe.oem4f (.text:PipeRecv)
                  00011106    000000e8     nettool_ipv4.aem4f : dnspkt.oem4f (.text:DNSWriteName)
                  000111ee    000000e8     drivers_msp432e4.aem4f : SPIMSP432E4DMA.oem4f (.text:SPIMSP432E4DMA_hwiFxn)
                  000112d6    00000002     release_pem4f.oem4f (.text:ti_sysbios_BIOS_nullFunc__I)
                  000112d8    000000e8     sysbios.aem4f : BIOS.obj (.text:ti_sysbios_knl_Task_Instance_init__E)
                  000113c0    000000e8                   : BIOS.obj (.text:timer_settime)
                  000114a8    000000e4     drivers_msp432e4.aem4f : ADCMSP432E4.oem4f (.text:ADCMSP432E4_open)
                  0001158c    000000e4     slnetsock_release.a : slnetif.oem4f (.text:SlNetIf_add)
                  00011670    000000e4     stk.aem4f : sockpcb.oem4f (.text:SockPcbBind)
                  00011754    000000e0     msp432e4_driverlib.a : emac.o (.text:EMACInit)
                  00011834    000000e0     stk.aem4f : tcptime.oem4f (.text:TcpTimeoutRexmt)
                  00011914    000000de     nettool_ipv4.aem4f : dhcpsock.oem4f (.text:dhcpSocketOpen)
                  000119f2    00000002     --HOLE-- [fill = 0]
                  000119f4    000000dc     stk.aem4f : sb.oem4f (.text:SBWrite)
                  00011ad0    000000dc     rtsv7M4_T_le_v4SPD16_eabi.lib : setvbuf.c.obj (.text:setvbuf)
                  00011bac    000000da     nettool_ipv4.aem4f : dhcpsm.oem4f (.text:dhcpState)
                  00011c86    00000002     --HOLE-- [fill = 0]
                  00011c88    000000d8     stk.aem4f : node.oem4f (.text:NodeAdd)
                  00011d60    000000d8     slnetifndk_msp432e4.aem4f : slnetifndk.oem4f (.text:SlNetIfNDK_bind)
                  00011e38    000000d4                               : slnetifndk.oem4f (.text:SlNetIfNDK_listen)
                  00011f0c    000000d1     stk.aem4f : nimu.oem4f (.text:NIMUReceivePacket)
                  00011fdd    00000003     --HOLE-- [fill = 0]
                  00011fe0    000000d0     netctrl_min_ipv4.aem4f : netsrv.oem4f (.text:SPIpNet)
                  000120b0    000000d0     slnetifndk_msp432e4.aem4f : slnetifndk.oem4f (.text:SlNetIfNDK_shutdown)
                  00012180    000000d0     nettool_ipv4.aem4f : dhcpsm.oem4f (.text:dhcpIPAdd)
                  00012250    000000d0     sysbios.aem4f : BIOS.obj (.text:ti_sysbios_heaps_HeapMem_alloc__E)
                  00012320    000000cc     stk.aem4f : rawethsock.oem4f (.text:RawEthSockGet)
                  000123ec    000000cc               : rawethsock.oem4f (.text:RawEthSockSet)
                  000124b8    000000cc     nettool_ipv4.aem4f : dhcpbild.oem4f (.text:dhcpBuildHeader)
                  00012584    000000cc                        : dhcppkt.oem4f (.text:dhcpVerifyMessage)
                  00012650    000000c4     stk.aem4f : igmp.oem4f (.text:IGMPJoinHostGroup)
                  00012714    000000c4     nettool_ipv4.aem4f : dhcpsm.oem4f (.text:StateBound)
                  000127d8    000000c4     drivers_msp432e4.aem4f : ADCBufMSP432E4.oem4f (.text:configDMA)
                  0001289c    000000c4     rtsv7M4_T_le_v4SPD16_eabi.lib : s_round.c.obj (.text:round)
                  00012960    000000c4     sysbios.aem4f : BIOS.obj (.text:ti_sysbios_knl_Task_sleep__E)
                  00012a24    000000c0     nettool_ipv4.aem4f : dnspkt.oem4f (.text:DNSReadName)
                  00012ae4    000000be                        : dnsclnt.oem4f (.text:DNSGetHostByName)
                  00012ba2    000000be     drivers_msp432e4.aem4f : UARTMSP432E4.oem4f (.text:UARTMSP432E4_close)
                  00012c60    000000bc     stk.aem4f : sockpcb.oem4f (.text:SockPcbFind)
                  00012d1c    000000bc               : vlan.oem4f (.text:VLANDeinit)
                  00012dd8    000000bc     sysbios.aem4f : BIOS.obj (.text:ti_sysbios_knl_Task_exit__E)
                  00012e94    00000004     dpl_msp432e4.aem4f : HwiP_tirtos.oem4f (.text:HwiP_clearInterrupt)
                  00012e98    000000bc     sysbios.aem4f : BIOS.obj (.text:xdc_runtime_Core_createObject__I)
                  00012f54    000000ba     stk.aem4f : icmpin.oem4f (.text:ICMPRevSrcRoute)
                  0001300e    00000002     --HOLE-- [fill = 0]
                  00013010    000000b8     drivers_msp432e4.aem4f : ADCMSP432E4.oem4f (.text:ADCMSP432E4_convert)
                  000130c8    000000b8     stk.aem4f : lli.oem4f (.text:_LLITimeoutCheck)
                  00013180    000000b8     sysbios.aem4f : BIOS.obj (.text:ti_sysbios_family_arm_m3_Hwi_Instance_init__E)
                  00013238    000000b6     drivers_msp432e4.aem4f : UARTMSP432E4.oem4f (.text:readTaskCallback)
                  000132ee    00000002     --HOLE-- [fill = 0]
                  000132f0    000000b4     stk.aem4f : tcptime.oem4f (.text:TcpTimeoutKeep)
                  000133a4    000000b4     commands.obj (.text:memrCommand)
                  00013458    000000b2     stk.aem4f : nimu.oem4f (.text:NIMUAddEthernetHeader)
                  0001350a    00000002     --HOLE-- [fill = 0]
                  0001350c    000000b1     rtsv7M4_T_le_v4SPD16_eabi.lib : _printfi.c.obj (.text:_ltostr)
                  000135bd    00000001     --HOLE-- [fill = 0]
                  000135be    000000b0     drivers_msp432e4.aem4f : UARTMSP432E4.oem4f (.text:readTaskBlocking)
                  0001366e    00000002     --HOLE-- [fill = 0]
                  00013670    000000b0     sysbios.aem4f : BIOS.obj (.text:ti_sysbios_family_arm_lm4_Timer_enableTiva__I)
                  00013720    000000ac     drivers_msp432e4.aem4f : EMACMSP432E4.oem4f (.text:EMACMSP432E4_initDMADescriptors)
                  000137cc    000000ac                            : GPIOMSP432E4.oem4f (.text:GPIO_init)
                  00013878    000000ac     stk.aem4f : rtable.oem4f (.text:RtTimeoutCheck)
                  00013924    000000ac     os.aem4f : task.oem4f (.text:TaskGetEnv)
                  000139d0    000000a8     stk.aem4f : sockint.oem4f (.text:SockCreatePacket)
                  00013a78    000000a4     msp432e4_driverlib.a : gpio.o (.text:GPIOIntTypeSet)
                  00013b1c    000000a4     os.aem4f : task.oem4f (.text:TaskSetEnv)
                  00013bc0    000000a4     udpEchoHooks.obj (.text:serviceReport)
                  00013c64    00000004     dpl_msp432e4.aem4f : HwiP_tirtos.oem4f (.text:HwiP_disable)
                  00013c68    000000a4     sysbios.aem4f : BIOS.obj (.text:ti_sysbios_knl_Task_setPri__E)
                  00013d0c    000000a0     drivers_msp432e4.aem4f : EMACMSP432E4.oem4f (.text:EMACMSP432E4_emacStop)
                  00013dac    000000a0     stk.aem4f : ip.oem4f (.text:IPGetRoute)
                  00013e4c    000000a0     auto_init.aem4f : auto_init.oem4f (.text)
                  00013eec    000000a0     globals.obj (.text:writeUART)
                  00013f8c    0000009e     nettool_ipv4.aem4f : dnsclnt.oem4f (.text:DNSGetHostArrayByName)
                  0001402a    0000009e     drivers_msp432e4.aem4f : UARTMSP432E4.oem4f (.text:UARTMSP432E4_readPolling)
                  000140c8    0000009c     stk.aem4f : exec.oem4f (.text:ExecOpen)
                  00014164    0000009c     drivers_msp432e4.aem4f : SPIMSP432E4DMA.oem4f (.text:SPIMSP432E4DMA_close)
                  00014200    0000009c     sysbios.aem4f : BIOS.obj (.text:_pthread_removeThreadKeys)
                  0001429c    0000009c     commands.obj (.text:aboutCommand)
                  00014338    0000009c     drivers_msp432e4.aem4f : ADCBufMSP432E4.oem4f (.text:initHw)
                  000143d4    0000009c     rtsv7M4_T_le_v4SPD16_eabi.lib : memcpy_t2.asm.obj (.text)
                  00014470    00000098     drivers_msp432e4.aem4f : ADCBufMSP432E4.oem4f (.text:ADCBufMSP432E4_convertCancel)
                  00014508    00000098     netctrl_min_ipv4.aem4f : netctrl.oem4f (.text:NC_SystemOpen)
                  000145a0    00000098                            : netsrv.oem4f (.text:ServiceScan)
                  00014638    00000098     drivers_msp432e4.aem4f : UARTMSP432E4.oem4f (.text:UARTMSP432E4_write)
                  000146d0    00000096     rtsv7M4_T_le_v4SPD16_eabi.lib : ull_div_t2.asm.obj (.text)
                  00014766    00000002     --HOLE-- [fill = 0]
                  00014768    00000094     nettool_ipv4.aem4f : config.oem4f (.text:CfgExecute)
                  000147fc    00000094                        : config.oem4f (.text:CfgRemoveEntry)
                  00014890    00000094     os.aem4f : mem.oem4f (.text:_mmInit)
                  00014924    00000094     drivers_msp432e4.aem4f : UARTMSP432E4.oem4f (.text:readIsrTextBlocking)
                  000149b8    00000094     sysbios.aem4f : BIOS.obj (.text:ti_sysbios_family_arm_m3_Hwi_initNVIC__E)
                  00014a4c    00000092     slnetsock_release.a : slnetsock.oem4f (.text:SlNetSock_create)
                  00014ade    00000002     --HOLE-- [fill = 0]
                  00014ae0    00000090     stk.aem4f : igmp.oem4f (.text:IGMPMsg)
                  00014b70    00000090     slnetsock_release.a : slnetsock.oem4f (.text:SlNetSock_getVirtualSdConf)
                  00014c00    00000090     drivers_msp432e4.aem4f : UARTMSP432E4.oem4f (.text:UARTMSP432E4_control)
                  00014c90    00000090     slnetsock_release.a : slnetutils.oem4f (.text:createAddrInfo)
                  00014d20    00000090     nettool_ipv4.aem4f : dhcpbild.oem4f (.text:dhcpBuildRequest)
                  00014db0    00000090     os.aem4f : mem.oem4f (.text:mmInitPage)
                  00014e40    00000090     sysbios.aem4f : BIOS.obj (.text:ti_sysbios_knl_Task_Module_startup__E)
                  00014ed0    0000008e     nettool_ipv4.aem4f : dnscomn.oem4f (.text:DNSResolveQuery)
                  00014f5e    00000002     --HOLE-- [fill = 0]
                  00014f60    0000008c     stk.aem4f : ip.oem4f (.text:IPMsg)
                  00014fec    0000008c     msp432e4_driverlib.a : sysctl.o (.text:SysCtlPeripheralReset)
                  00015078    0000008c     sysbios.aem4f : m3_TaskSupport_asm.obj (.text:ti_sysbios_family_arm_m3_TaskSupport_buildTaskStack)
                  00015104    00000004     dpl_msp432e4.aem4f : HwiP_tirtos.oem4f (.text:HwiP_disableInterrupt)
                  00015108    0000008c     sysbios.aem4f : BIOS.obj (.text:xdc_runtime_Memory_alloc__E)
                  00015194    0000008a     netctrl_min_ipv4.aem4f : netsrv.oem4f (.text:SPRoute)
                  0001521e    00000002     --HOLE-- [fill = 0]
                  00015220    00000088                            : netsrv.oem4f (.text:ServiceSpawn)
                  000152a8    00000088     stk.aem4f : sockpcb.oem4f (.text:SockPcbCtlError)
                  00015330    00000088     drivers_msp432e4.aem4f : TimerMSP432E4.oem4f (.text:TimerMSP432E4_setPeriod)
                  000153b8    00000088                            : UARTMSP432E4.oem4f (.text:readIsrTextCallback)
                  00015440    00000086     stk.aem4f : sock.oem4f (.text:SockCheck)
                  000154c6    00000086     nettool_ipv4.aem4f : dhcpsm.oem4f (.text:StateRequesting)
                  0001554c    00000086     rtsv7M4_T_le_v4SPD16_eabi.lib : fd_cmp_t2.asm.obj (.text:__aeabi_cdcmple)
                  000155d2    00000086                                   : fd_cmp_t2.asm.obj (.text:__aeabi_cdrcmple)
                  00015658    00000086     sysbios.aem4f : BIOS.obj (.text:xdc_runtime_Core_constructObject__I)
                  000156de    00000002     --HOLE-- [fill = 0]
                  000156e0    00000084     nettool_ipv4.aem4f : config.oem4f (.text:CfgGetEntry)
                  00015764    00000084     drivers_msp432e4.aem4f : EMACMSP432E4.oem4f (.text:EMACMSP432E4_hwiIntFxn)
                  000157e8    00000084                            : EMACMSP432E4.oem4f (.text:EMACMSP432E4_processPendingTx)
                  0001586c    00000084                            : EMACMSP432E4.oem4f (.text:EMACMSP432E4_processPhyInterrupt)
                  000158f0    00000084     stk.aem4f : raw.oem4f (.text:RawOutput)
                  00015974    00000084     slnetsock_release.a : slnetutils.oem4f (.text:SlNetUtil_getHostByName)
                  000159f8    00000084     stk.aem4f : sockpcb.oem4f (.text:SockCleanPcb)
                  00015a7c    00000084               : tcpprot.oem4f (.text:TcpPrAttach)
                  00015b00    00000084     queue.obj (.text:enqueue)
                  00015b84    00000084     stk.aem4f : fileuser.oem4f (.text:fdClose)
                  00015c08    00000084     os.aem4f : mem.oem4f (.text:mmFree)
                  00015c8c    00000004     dpl_msp432e4.aem4f : HwiP_tirtos.oem4f (.text:HwiP_enableInterrupt)
                  00015c90    00000084     sysbios.aem4f : BIOS.obj (.text:ti_sysbios_family_arm_m3_Hwi_postInit__I)
                  00015d14    00000004     os.aem4f : oem.oem4f (.text:NDK_HwiP_disable)
                  00015d18    00000084     sysbios.aem4f : BIOS.obj (.text:ti_sysbios_heaps_HeapMem_free__E)
                  00015d9c    00000084     udpEcho.obj (.text:udpEnqueue)
                  00015e20    00000082     nettool_ipv4.aem4f : dhcpsm.oem4f (.text:StateRenewRebind)
                  00015ea2    00000002     --HOLE-- [fill = 0]
                  00015ea4    00000080     msp432e4_driverlib.a : interrupt.o (.text:IntEnable)
                  00015f24    00000080     stk.aem4f : lli.oem4f (.text:LLINew)
                  00015fa4    00000080               : pbm.oem4f (.text:PBM_alloc)
                  00016024    00000004     os.aem4f : NDK_SemaphoreP_tirtos.oem4f (.text:NDK_SemaphoreP_post)
                  00016028    00000080     sysbios.aem4f : BIOS.obj (.text:ti_sysbios_knl_Clock_workFunc__E)
                  000160a8    0000007e     slnetifndk_msp432e4.aem4f : slnetifndk.oem4f (.text:SlNetIfNDK_getConnectionStatus)
                  00016126    0000007e     slnetsock_release.a : slnetutils.oem4f (.text:setAddrInfo)
                  000161a4    0000007c     nettool_ipv4.aem4f : config.oem4f (.text:CfgGetNextEntry)
                  00016220    0000007c     stk.aem4f : igmp.oem4f (.text:IGMPDoMCast)
                  0001629c    0000007c               : igmp.oem4f (.text:IGMPJoin)
                  00016318    0000007c               : socket.oem4f (.text:NDK_getsockopt)
                  00016394    0000007c               : socket.oem4f (.text:NDK_setsockopt)
                  00016410    0000007c     netctrl_min_ipv4.aem4f : netsrv.oem4f (.text:NS_BootTask)
                  0001648c    0000007c     stk.aem4f : pbm.oem4f (.text:PBM_free)
                  00016508    0000007c     rtsv7M4_T_le_v4SPD16_eabi.lib : fflush.c.obj (.text:fflush)
                  00016584    0000007c     os.aem4f : mem.oem4f (.text:mmBulkFree)
                  00016600    0000007c     drivers_msp432e4.aem4f : UARTMSP432E4.oem4f (.text:writeData)
                  0001667c    0000007a     msp432e4_driverlib.a : ssi.o (.text:SSIConfigSetExpClk)
                  000166f6    0000007a     stk.aem4f : sock.oem4f (.text:SockAccept)
                  00016770    0000007a     rtsv7M4_T_le_v4SPD16_eabi.lib : memset_t2.asm.obj (.text)
                  000167ea    00000078     stk.aem4f : socket.oem4f (.text:NDK_sendto)
                  00016862    00000002     --HOLE-- [fill = 0]
                  00016864    00000078               : nimu.oem4f (.text:NIMURegister)
                  000168dc    00000078               : tcptime.oem4f (.text:TcpXmitTimer)
                  00016954    00000078               : fileuser.oem4f (.text:fdOpenSession)
                  000169cc    00000078     os.aem4f : os_ll.oem4f (.text:llExit)
                  00016a44    00000076     stk.aem4f : pipe.oem4f (.text:PipeSend)
                  00016aba    00000076     msp432e4_driverlib.a : uart.o (.text:UARTConfigSetExpClk)
                  00016b30    00000076     globals.obj (.text:splitStringBySpaces)
                  00016ba6    00000002     --HOLE-- [fill = 0]
                  00016ba8    00000075     stk.aem4f : tcptime.oem4f (.text:TcpTimeoutSackRexmt)
                  00016c1d    00000003     --HOLE-- [fill = 0]
                  00016c20    00000075     sysbios.aem4f : BIOS.obj (.text:xdc_runtime_System_formatNum__I)
                  00016c95    00000003     --HOLE-- [fill = 0]
                  00016c98    00000074     drivers_msp432e4.aem4f : EMACMSP432E4.oem4f (.text:EMACMSP432E4_processTransmitted)
                  00016d0c    00000074     stk.aem4f : igmp.oem4f (.text:IGMPLeaveHostGroup)
                  00016d80    00000074               : socket.oem4f (.text:NDK_recvfrom)
                  00016df4    00000074               : nimu.oem4f (.text:NIMUShutdown)
                  00016e68    00000074               : raweth.oem4f (.text:RawEthRxPacket)
                  00016edc    00000074     slnetsock_release.a : slnetsock.oem4f (.text:SlNetSock_AllocVirtualSocket)
                  00016f50    00000074     stk.aem4f : sockpcb.oem4f (.text:SockPcbConnect)
                  00016fc4    00000074     rtsv7M4_T_le_v4SPD16_eabi.lib : fclose.c.obj (.text:__TI_closefile)
                  00017038    00000074     hal_timer.aem4f : lltimer.oem4f (.text:llTimerTick)
                  000170ac    00000004     os.aem4f : ossys.oem4f (.text:NDK_vsprintf)
                  000170b0    00000074     sysbios.aem4f : BIOS.obj (.text:xdc_runtime_Core_deleteObject__I)
                  00017124    00000072     drivers_msp432e4.aem4f : TimerMSP432E4.oem4f (.text:TimerMSP432E4_start)
                  00017196    00000070     stk.aem4f : socket.oem4f (.text:NDK_send)
                  00017206    00000002     --HOLE-- [fill = 0]
                  00017208    00000070               : rtable.oem4f (.text:RtFlush)
                  00017278    00000070     netctrl_min_ipv4.aem4f : netsrv.oem4f (.text:SPConfig)
                  000172e8    00000070     stk.aem4f : sock.oem4f (.text:SockShutdown)
                  00017358    00000070     nettool_ipv4.aem4f : dhcptags.oem4f (.text:dhcpDecodeType)
                  000173c8    00000070     slnetsock_release.a : netdb.oem4f (.text:getaddrinfo)
                  00017438    00000070     os.aem4f : mem.oem4f (.text:mmBulkAlloc)
                  000174a8    00000070     queue.obj (.text:queue)
                  00017518    00000070     globals.obj (.text:throwError)
                  00017588    00000070     sysbios.aem4f : BIOS.obj (.text:ti_sysbios_family_arm_lm4_Seconds_getTime__E)
                  000175f8    00000070                   : BIOS.obj (.text:ti_sysbios_heaps_HeapMem_initPrimary__I)
                  00017668    0000006e     stk.aem4f : socket.oem4f (.text:NDK_recv)
                  000176d6    00000002     --HOLE-- [fill = 0]
                  000176d8    0000006e               : rtable.oem4f (.text:RtWalkNext)
                  00017746    0000006e     rtsv7M4_T_le_v4SPD16_eabi.lib : _printfi.c.obj (.text:_mcpy)
                  000177b4    0000006d     stk.aem4f : node.oem4f (.text:NodeNew)
                  00017821    00000003     --HOLE-- [fill = 0]
                  00017824    0000006c     os.aem4f : ossys.oem4f (.text:DbgPrintf)
                  00017890    0000006c     msp432e4_driverlib.a : emac.o (.text:EMACPHYConfigSet)
                  000178fc    0000006c     rtsv7M4_T_le_v4SPD16_eabi.lib : hostrename.c.obj (.text:HOSTrename)
                  00017968    0000006c     stk.aem4f : node.oem4f (.text:NodeTreeNew)
                  000179d4    0000006c               : pbm.oem4f (.text:PBM_open)
                  00017a40    0000006c     drivers_msp432e4.aem4f : PowerMSP432E4.oem4f (.text:Power_releaseDependency)
                  00017aac    0000006c     stk.aem4f : raweth.oem4f (.text:RawEthTxPacket)
                  00017b18    0000006c     slnetsock_release.a : slnetutils.oem4f (.text:SlNetUtil_str2BinIpV4)
                  00017b84    0000006c     hal_timer.aem4f : lltimer.oem4f (.text:llTimerGetTime)
                  00017bf0    0000006c     sysbios.aem4f : BIOS.obj (.text:pthread_cancel)
                  00017c5c    00000004     stk.aem4f : node.oem4f (.text:NodeSetRt)
                  00017c60    0000006c     sysbios.aem4f : BIOS.obj (.text:ti_sysbios_knl_Swi_restoreHwi__E)
                  00017ccc    0000006a     stk.aem4f : socket.oem4f (.text:NDK_accept)
                  00017d36    0000006a               : tcpprot.oem4f (.text:TcpPrInherit)
                  00017da0    00000068     drivers_msp432e4.aem4f : GPIOMSP432E4.oem4f (.text:GPIO_hwiIntFxn)
                  00017e08    00000068     rtsv7M4_T_le_v4SPD16_eabi.lib : hostlseek.c.obj (.text:HOSTlseek)
                  00017e70    00000068     stk.aem4f : socket.oem4f (.text:NDK_socket)
                  00017ed8    00000068     drivers_msp432e4.aem4f : PowerMSP432E4.oem4f (.text:Power_setDependency)
                  00017f40    00000068     stk.aem4f : sock.oem4f (.text:SockListen)
                  00017fa8    00000068               : sockpcb.oem4f (.text:SockPcbFindRaw)
                  00018010    00000068     drivers_msp432e4.aem4f : TimerMSP432E4.oem4f (.text:TimerMSP432E4_allocateTimerResource)
                  00018078    00000068     stk.aem4f : rtable.oem4f (.text:_RtNodeInsert)
                  000180e0    00000068     rtsv7M4_T_le_v4SPD16_eabi.lib : copy_decompress_lzss.c.obj (.text:decompress:lzss:__TI_decompress_lzss)
                  00018148    00000068     sysbios.aem4f : BIOS.obj (.text:pthread_exit)
                  000181b0    00000068     drivers_msp432e4.aem4f : UARTMSP432E4.oem4f (.text:readIsrBinaryBlocking)
                  00018218    00000066     ti_ndk_config.obj (.text:configTcp)
                  0001827e    00000002     --HOLE-- [fill = 0]
                  00018280    00000064     nettool_ipv4.aem4f : config.oem4f (.text:CfgFree)
                  000182e4    00000064     stk.aem4f : file.oem4f (.text:FdWaitEvent)
                  00018348    00000064               : pbm.oem4f (.text:PBMQ_enq)
                  000183ac    00000064     drivers_msp432e4.aem4f : PowerMSP432E4.oem4f (.text:Power_init)
                  00018410    00000064     slnetifndk_msp432e4.aem4f : slnetifndk.oem4f (.text:SlNetIfNDK_getHostByName)
                  00018474    00000064     stk.aem4f : sockint.oem4f (.text:SockSpawnAbort)
                  000184d8    00000064               : tcpprot.oem4f (.text:TcpPrGetOption)
                  0001853c    00000064               : udp.oem4f (.text:UdpChecksum)
                  000185a0    00000064     rtsv7M4_T_le_v4SPD16_eabi.lib : s_frexp.c.obj (.text:frexp)
                  00018604    00000064                                   : fseek.c.obj (.text:fseek)
                  00018668    00000064     drivers_msp432e4.aem4f : UARTMSP432E4.oem4f (.text:readIsrBinaryCallback)
                  000186cc    00000004     stk.aem4f : rawethsock.oem4f (.text:RawEthSockGetCtx)
                  000186d0    00000064     sysbios.aem4f : BIOS.obj (.text:ti_sysbios_family_arm_lm4_Timer_Module_startup__E)
                  00018734    00000004     stk.aem4f : rawethsock_prot.oem4f (.text:RawEthSockPrAttach)
                  00018738    00000064     sysbios.aem4f : BIOS.obj (.text:ti_sysbios_family_arm_m3_Hwi_dispatchC__I)
                  0001879c    00000064     msp432e4_driverlib.a : udma.o (.text:uDMAChannelAttributeDisable)
                  00018800    00000064     stk.aem4f : lliin.oem4f (.text:updateRtTable)
                  00018864    00000062               : ipin.oem4f (.text:IPRouteIP)
                  000188c6    00000002     --HOLE-- [fill = 0]
                  000188c8    00000062               : sb.oem4f (.text:SBNew)
                  0001892a    00000062     rtsv7M4_T_le_v4SPD16_eabi.lib : _io_perm.c.obj (.text:__TI_wrt_ok)
                  0001898c    00000060     drivers_msp432e4.aem4f : ADCMSP432E4.oem4f (.text:ADCMSP432E4_close)
                  000189ec    00000060     nettool_ipv4.aem4f : config.oem4f (.text:CfgGetEntryCnt)
                  00018a4c    00000060     msp432e4_driverlib.a : emac.o (.text:EMACConfigGet)
                  00018aac    00000060                          : emac.o (.text:EMACIntDisable)
                  00018b0c    00000060     rtsv7M4_T_le_v4SPD16_eabi.lib : hostopen.c.obj (.text:HOSTopen)
                  00018b6c    00000060     stk.aem4f : socket.oem4f (.text:NDK_getpeername)
                  00018bcc    00000060               : socket.oem4f (.text:NDK_getsockname)
                  00018c2c    00000060               : socket.oem4f (.text:NDK_shutdown)
                  00018c8c    00000060               : nimu.oem4f (.text:NIMUUnregister)
                  00018cec    00000060               : node.oem4f (.text:NodeFind)
                  00018d4c    00000060               : rtc.oem4f (.text:RTCMsg)
                  00018dac    00000060     slnetsock_release.a : slnetsock.oem4f (.text:SlNetSock_recvFrom)
                  00018e0c    00000060                         : slnetsock.oem4f (.text:SlNetSock_sendTo)
                  00018e6c    00000060     os.aem4f : task.oem4f (.text:TaskCreate)
                  00018ecc    00000060     msp432e4_driverlib.a : timer.o (.text:TimerControlTrigger)
                  00018f2c    00000060     nettool_ipv4.aem4f : dhcptags.oem4f (.text:dhcpBuildOptions)
                  00018f8c    00000004     stk.aem4f : rawethsock_prot.oem4f (.text:RawEthSockPrDetach)
                  00018f90    00000060     sysbios.aem4f : BIOS.obj (.text:ti_sysbios_knl_Semaphore_post__E)
                  00018ff0    00000060                   : BIOS.obj (.text:ti_sysbios_knl_Swi_run__I)
                  00019050    0000005e     msp432e4_driverlib.a : emac.o (.text:EMACIntEnable)
                  000190ae    0000005e     stk.aem4f : route.oem4f (.text:RtRemove)
                  0001910c    0000005e     nettool_ipv4.aem4f : dhcpsm.oem4f (.text:StateSelecting)
                  0001916a    0000005e     stk.aem4f : vlan.oem4f (.text:VLANReceivePacket)
                  000191c8    0000005c     drivers_msp432e4.aem4f : ADCBufMSP432E4.oem4f (.text:ADCBufMSP432E4_init)
                  00019224    0000005c     nettool_ipv4.aem4f : config.oem4f (.text:CfgSetExecuteOrder)
                  00019280    0000005c     msp432e4_driverlib.a : emac.o (.text:EMACAddrSet)
                  000192dc    0000005c                          : emac.o (.text:EMACIntStatus)
                  00019338    0000005c                          : gpio.o (.text:GPIODirModeSet)
                  00019394    0000005c     stk.aem4f : nimu.oem4f (.text:NIMUIoctlSpecialCmd)
                  000193f0    0000005c     netctrl_min_ipv4.aem4f : netsrv.oem4f (.text:SPService)
                  0001944c    0000005c     rtsv7M4_T_le_v4SPD16_eabi.lib : close.c.obj (.text:close)
                  000194a8    0000005c     drivers_msp432e4.aem4f : ADCBufMSP432E4.oem4f (.text:completeConversion)
                  00019504    0000005c                            : TimerMSP432E4.oem4f (.text:getPowerMgrId)
                  00019560    0000005c                            : UARTMSP432E4.oem4f (.text:getPowerResourceId)
                  000195bc    00000004                            : SPIMSP432E4DMA.oem4f (.text:SPIMSP432E4DMA_init)
                  000195c0    0000005c     sysbios.aem4f : BIOS.obj (.text:ti_sysbios_knl_Swi_schedule__I)
                  0001961c    00000004     os.aem4f : semaphore.oem4f (.text:SemReset)
                  00019620    0000005c     sysbios.aem4f : BIOS.obj (.text:ti_sysbios_knl_Task_startCore__E)
                  0001967c    00000004     dpl_msp432e4.aem4f : SemaphoreP_tirtos.oem4f (.text:SemaphoreP_post)
                  00019680    0000005c     sysbios.aem4f : BIOS.obj (.text:xdc_runtime_Startup_exec__E)
                  000196dc    0000005a     stk.aem4f : rawethsock.oem4f (.text:RawEthSockCheck)
                  00019736    0000005a               : route.oem4f (.text:RtRedirect)
                  00019790    0000005a               : tcpprot.oem4f (.text:TcpValidateMetrics)
                  000197ea    0000005a     nettool_ipv4.aem4f : dhcpbild.oem4f (.text:dhcpBuildDecline)
                  00019844    00000058     msp432e4_driverlib.a : adc.o (.text:ADCIntStatus)
                  0001989c    00000058     stk.aem4f : bind.oem4f (.text:BindFree)
                  000198f4    00000058     msp432e4_driverlib.a : emac.o (.text:EMACIntClear)
                  0001994c    00000058     drivers_msp432e4.aem4f : GPIOMSP432E4.oem4f (.text:GPIO_setCallback)
                  000199a4    00000058     rtsv7M4_T_le_v4SPD16_eabi.lib : hostread.c.obj (.text:HOSTread)
                  000199fc    00000058                                   : hostwrite.c.obj (.text:HOSTwrite)
                  00019a54    00000058     stk.aem4f : igmp.oem4f (.text:IGMPTimer)
                  00019aac    00000058               : tcp.oem4f (.text:TcpChecksum)
                  00019b04    00000058     drivers_msp432e4.aem4f : UDMAMSP432E4.oem4f (.text:UDMAMSP432E4_open)
                  00019b5c    00000058     boot.aem4f : boot.oem4f (.text)
                  00019bb4    00000058     sysbios.aem4f : m3_Hwi_asm_switch.obj (.text:ti_sysbios_family_arm_m3_Hwi_initStacks__E)
                  00019c0c    00000056     rtsv7M4_T_le_v4SPD16_eabi.lib : _printfi.c.obj (.text:_pconv_f)
                  00019c62    00000056     drivers_msp432e4.aem4f : SPIMSP432E4DMA.oem4f (.text:initHw)
                  00019cb8    00000056     commands.obj (.text:netudpCommand)
                  00019d0e    00000002     --HOLE-- [fill = 0]
                  00019d10    00000054     drivers_msp432e4.aem4f : ADCMSP432E4.oem4f (.text:ADCMSP432E4_init)
                  00019d64    00000054     nettool_ipv4.aem4f : config.oem4f (.text:CfgEntryDeRef)
                  00019db8    00000054     drivers_msp432e4.aem4f : GPIOMSP432E4.oem4f (.text:GPIO_write)
                  00019e0c    00000054     stk.aem4f : rawethsock_pcb.oem4f (.text:RawEthSockPcbAttach)
                  00019e60    00000054               : tcptime.oem4f (.text:TcpTimeoutPersist)
                  00019eb4    00000054     rtsv7M4_T_le_v4SPD16_eabi.lib : _ltoa.c.obj (.text:__TI_ltoa)
                  00019f08    00000054     sysbios.aem4f : BIOS.obj (.text:ti_sysbios_family_arm_lm4_Timer_initDevice__I)
                  00019f5c    00000054     release_pem4f.oem4f (.text:ti_sysbios_family_arm_m3_Hwi_create)
                  00019fb0    00000054     sysbios.aem4f : BIOS.obj (.text:timer_gettime)
                  0001a004    00000052     nettool_ipv4.aem4f : dnscomn.oem4f (.text:DNSReplyFree)
                  0001a056    00000052     stk.aem4f : igmp.oem4f (.text:IGMPLeave)
                  0001a0a8    00000052               : socket.oem4f (.text:NDK_bind)
                  0001a0fa    00000052               : tcpprot.oem4f (.text:TcpPrDetach)
                  0001a14c    00000052     rtsv7M4_T_le_v4SPD16_eabi.lib : _printfi.c.obj (.text:_ecpy)
                  0001a19e    00000002     --HOLE-- [fill = 0]
                  0001a1a0    00000050     drivers_msp432e4.aem4f : ADCMSP432E4.oem4f (.text:ADCMSP432E4_getPowerResourceId)
                  0001a1f0    00000050     msp432e4_driverlib.a : adc.o (.text:ADCSequenceConfigure)
                  0001a240    00000050                          : emac.o (.text:EMACConfigSet)
                  0001a290    00000050     stk.aem4f : socket.oem4f (.text:NDK_connect)
                  0001a2e0    00000050               : route.oem4f (.text:RtNew)
                  0001a330    00000050     callback.obj (.text:SWITimer0)
                  0001a380    00000050     slnetsock_release.a : slnetif.oem4f (.text:SlNetIf_queryIf)
                  0001a3d0    00000050     drivers_msp432e4.aem4f : UARTMSP432E4.oem4f (.text:UARTMSP432E4_hwiIntFxn)
                  0001a420    00000050                            : ADCBufMSP432E4.oem4f (.text:getPowerResourceId)
                  0001a470    00000050     sysbios.aem4f : BIOS.obj (.text:ti_sysbios_family_arm_m3_Hwi_Module_startup__E)
                  0001a4c0    00000050                   : BIOS.obj (.text:ti_sysbios_knl_Clock_Instance_init__E)
                  0001a510    00000050     release_pem4f.oem4f (.text:ti_sysbios_knl_Swi_create)
                  0001a560    00000050     release_pem4f.oem4f (.text:ti_sysbios_knl_Task_create)
                  0001a5b0    0000004e     msp432e4_driverlib.a : emac.o (.text:EMACPHYWrite)
                  0001a5fe    0000004e     stk.aem4f : node.oem4f (.text:NodeDeRef)
                  0001a64c    0000004e     drivers_msp432e4.aem4f : TimerMSP432E4.oem4f (.text:TimerMSP432E4_stop)
                  0001a69a    0000004e     stk.aem4f : file.oem4f (.text:fdint_lockfd)
                  0001a6e8    0000004e     drivers_msp432e4.aem4f : TimerMSP432E4.oem4f (.text:initHw)
                  0001a736    0000004e     os.aem4f : mem.oem4f (.text:mmCopy)
                  0001a784    0000004c     msp432e4_driverlib.a : emac.o (.text:EMACPHYRead)
                  0001a7d0    0000004c     nettool_ipv4.aem4f : ipaddr.oem4f (.text:NtAddNetwork)
                  0001a81c    0000004c     slnetsock_release.a : slnetsock.oem4f (.text:SlNetSock_freeVirtualSocket)
                  0001a868    0000004c     stk.aem4f : sockint.oem4f (.text:SockValidateRoute)
                  0001a8b4    0000004c               : timer.oem4f (.text:TimerListInsert)
                  0001a900    0000004c     drivers_msp432e4.aem4f : TimerMSP432E4.oem4f (.text:TimerMSP432E4_freeTimerResource)
                  0001a94c    0000004c                            : UARTMSP432E4.oem4f (.text:UARTMSP432E4_writePolling)
                  0001a998    0000004c     rtsv7M4_T_le_v4SPD16_eabi.lib : fflush.c.obj (.text:__TI_doflush)
                  0001a9e4    0000004c                                   : atoi.c.obj (.text:atoi)
                  0001aa30    0000004c                                   : cpy_tbl.c.obj (.text:copy_in)
                  0001aa7c    0000004c     os.aem4f : mem.oem4f (.text:mmZeroInit)
                  0001aac8    0000004c     drivers_msp432e4.aem4f : UARTMSP432E4.oem4f (.text:ringBufGet)
                  0001ab14    0000004c     rtsv7M4_T_le_v4SPD16_eabi.lib : snprintf.c.obj (.text:snprintf)
                  0001ab60    0000004c     ti_ndk_config.obj (.text:ti_ndk_config_ip_init)
                  0001abac    00000004     slnetsock_release.a : slnetif.oem4f (.text:SlNetIf_init)
                  0001abb0    0000004c     sysbios.aem4f : BIOS.obj (.text:ti_sysbios_heaps_HeapMem_getStats__E)
                  0001abfc    00000004     slnetsock_release.a : slnetutils.oem4f (.text:SlNetUtil_init)
                  0001ac00    0000004c     sysbios.aem4f : BIOS.obj (.text:ti_sysbios_knl_Swi_runLoop__I)
                  0001ac4c    00000004     stk.aem4f : sock.oem4f (.text:SockGetCtx)
                  0001ac50    0000004c     sysbios.aem4f : BIOS.obj (.text:ti_sysbios_knl_Task_allBlockedFunction__I)
                  0001ac9c    00000004     os.aem4f : task.oem4f (.text:TaskSelf)
                  0001aca0    0000004c     sysbios.aem4f : BIOS.obj (.text:ti_sysbios_knl_Task_schedule__I)
                  0001acec    0000004c     msp432e4_driverlib.a : udma.o (.text:uDMAChannelAssign)
                  0001ad38    0000004c                          : udma.o (.text:uDMAChannelModeGet)
                  0001ad84    0000004a     drivers_msp432e4.aem4f : ADCBufMSP432E4.oem4f (.text:ADCBufMSP432E4_convert)
                  0001adce    0000004a     netctrl_min_ipv4.aem4f : netsrv.oem4f (.text:ServiceKill)
                  0001ae18    0000004a     stk.aem4f : sock.oem4f (.text:SockDisconnect)
                  0001ae62    00000002     --HOLE-- [fill = 0]
                  0001ae64    0000004a               : timer.oem4f (.text:TimerNew)
                  0001aeae    0000004a     nettool_ipv4.aem4f : config.oem4f (.text:_CfgEntryScan)
                  0001aef8    00000048     registers.obj (.text:ADD)
                  0001af40    00000048     nettool_ipv4.aem4f : config.oem4f (.text:CfgNew)
                  0001af88    00000048     stk.aem4f : lli.oem4f (.text:LLIMsg)
                  0001afd0    00000048               : node.oem4f (.text:NodeWalk)
                  0001b018    00000048               : rawethsock_pcb.oem4f (.text:RawEthSockPcbDetach)
                  0001b060    00000048     registers.obj (.text:SUB)
                  0001b0a8    00000048     slnetsock_release.a : slnetsock.oem4f (.text:SlNetSock_init)
                  0001b0f0    00000048     stk.aem4f : sockpcb.oem4f (.text:SockPcbResolveChain)
                  0001b138    00000048               : tcpprot.oem4f (.text:TcpDrop)
                  0001b180    00000048     drivers_msp432e4.aem4f : UARTMSP432E4.oem4f (.text:UARTMSP432E4_writeCancel)
                  0001b1c8    00000048     stk.aem4f : lli.oem4f (.text:_LLIExpListInsert)
                  0001b210    00000048               : rtable.oem4f (.text:_RtExpListInsert)
                  0001b258    00000048     rtsv7M4_T_le_v4SPD16_eabi.lib : fd_toi_t2.asm.obj (.text)
                  0001b2a0    00000048     callback.obj (.text:sw1Callback)
                  0001b2e8    00000048     callback.obj (.text:sw2Callback)
                  0001b330    00000048     ti_ndk_config.obj (.text:ti_ndk_config_Global_startupFxn)
                  0001b378    00000048     sysbios.aem4f : BIOS.obj (.text:ti_sysbios_family_arm_lm4_Timer_enableTimers__I)
                  0001b3c0    00000048                   : BIOS.obj (.text:ti_sysbios_family_arm_m3_Hwi_disableInterrupt__E)
                  0001b408    00000048                   : BIOS.obj (.text:ti_sysbios_family_arm_m3_Hwi_enableInterrupt__E)
                  0001b450    00000048                   : BIOS.obj (.text:ti_sysbios_knl_Mailbox_Module_startup__E)
                  0001b498    00000048                   : BIOS.obj (.text:ti_sysbios_knl_Swi_Instance_init__E)
                  0001b4e0    00000048                   : BIOS.obj (.text:ti_sysbios_knl_Task_deleteTerminatedTasksFunc__I)
                  0001b528    00000048                   : BIOS.obj (.text:xdc_runtime_Core_assignParams__I)
                  0001b570    00000046     nettool_ipv4.aem4f : ipaddr.oem4f (.text:NtIfIdx2Ip)
                  0001b5b6    00000046     stk.aem4f : rawethsock.oem4f (.text:RawEthSockSend)
                  0001b5fc    00000046     drivers_msp432e4.aem4f : RingBuf.oem4f (.text:RingBuf_put)
                  0001b642    00000002     --HOLE-- [fill = 0]
                  0001b644    00000046     os.aem4f : semaphore.oem4f (.text:SemCreateBinary)
                  0001b68a    00000046     stk.aem4f : tcpprot.oem4f (.text:TcpPrCtlError)
                  0001b6d0    00000046     drivers_msp432e4.aem4f : TimerMSP432E4.oem4f (.text:getPrescaler)
                  0001b716    00000002     --HOLE-- [fill = 0]
                  0001b718    00000044                            : ADCBuf.oem4f (.text:ADCBuf_init)
                  0001b75c    00000044                            : ADC.oem4f (.text:ADC_init)
                  0001b7a0    00000044     nettool_ipv4.aem4f : dnspkt.oem4f (.text:DNSBuildRequest)
                  0001b7e4    00000044     msp432e4_driverlib.a : gpio.o (.text:GPIOPinConfigure)
                  0001b828    00000044     rtsv7M4_T_le_v4SPD16_eabi.lib : hostclose.c.obj (.text:HOSTclose)
                  0001b86c    00000044                                   : hostunlink.c.obj (.text:HOSTunlink)
                  0001b8b0    00000044     stk.aem4f : icmp.oem4f (.text:ICMPChecksum)
                  0001b8f4    00000044               : ipfrag.oem4f (.text:IPReasmFree)
                  0001b938    00000044               : lli.oem4f (.text:LLIGetValidTime)
                  0001b97c    00000044               : rtable.oem4f (.text:RouteMsg)
                  0001b9c0    00000044               : rtable.oem4f (.text:RtWalkEnd)
                  0001ba04    00000044     drivers_msp432e4.aem4f : SPI.oem4f (.text:SPI_init)
                  0001ba48    00000044     slnetsock_release.a : slnetutils.oem4f (.text:SlNetUtil_strTok)
                  0001ba8c    00000044     stk.aem4f : sock.oem4f (.text:SockIntAbort)
                  0001bad0    00000044               : sockpcb.oem4f (.text:SockPcbDetach)
                  0001bb14    00000044     msp432e4_driverlib.a : sysctl.o (.text:SysCtlPeripheralPresent)
                  0001bb58    00000044                          : sysctl.o (.text:SysCtlPeripheralReady)
                  0001bb9c    00000044     drivers_msp432e4.aem4f : Timer.oem4f (.text:Timer_init)
                  0001bbe0    00000044                            : UART.oem4f (.text:UART_init)
                  0001bc24    00000044     rtsv7M4_T_le_v4SPD16_eabi.lib : getdevice.c.obj (.text:getdevice)
                  0001bc68    00000044                                   : fd_tou_t2.asm.obj (.text)
                  0001bcac    00000044     ti_net_config.obj (.text:ti_net_SlNet_initConfig)
                  0001bcf0    00000044     sysbios.aem4f : BIOS.obj (.text:ti_sysbios_family_arm_lm4_Timer_isrStub__E)
                  0001bd34    00000004     os.aem4f : task.oem4f (.text:TaskSetPri)
                  0001bd38    00000044     sysbios.aem4f : BIOS.obj (.text:ti_sysbios_family_arm_m3_Hwi_getStackInfo__E)
                  0001bd7c    00000004     hal_ser_stub.aem4f : llserstb.oem4f (.text:_llSerialInit)
                  0001bd80    00000044     sysbios.aem4f : BIOS.obj (.text:ti_sysbios_knl_Mailbox_postInit__I)
                  0001bdc4    00000004     rtsv7M4_T_le_v4SPD16_eabi.lib : exit.c.obj (.text:abort:abort)
                  0001bdc8    00000044     sysbios.aem4f : BIOS.obj (.text:ti_sysbios_knl_Swi_post__E)
                  0001be0c    00000044     uart7.obj (.text:uart7)
                  0001be50    00000044     commands.obj (.text:uartCommand)
                  0001be94    00000004     stk.aem4f : listlib.oem4f (.text:list_get_head)
                  0001be98    00000044     sysbios.aem4f : BIOS.obj (.text:xdc_runtime_System_atexit__E)
                  0001bedc    00000042     msp432e4_driverlib.a : adc.o (.text:ADCSequenceDataGet)
                  0001bf1e    00000042     stk.aem4f : socket.oem4f (.text:NDK_listen)
                  0001bf60    00000042               : rawethsock.oem4f (.text:RawEthSockShutdown)
                  0001bfa2    00000042               : tcpprot.oem4f (.text:TcpPrSendOOB)
                  0001bfe4    00000042               : fileuser.oem4f (.text:fdCloseSession)
                  0001c026    00000002     --HOLE-- [fill = 0]
                  0001c028    00000040     drivers_msp432e4.aem4f : ADCBuf.oem4f (.text:ADCBuf_open)
                  0001c068    00000040                            : ADC.oem4f (.text:ADC_open)
                  0001c0a8    00000040     dpl_msp432e4.aem4f : ClockP_tirtos.oem4f (.text:ClockP_create)
                  0001c0e8    00000040                        : HwiP_tirtos.oem4f (.text:HwiP_create)
                  0001c128    00000040     stk.aem4f : lliin.oem4f (.text:LLIValidateRoute)
                  0001c168    00000040     registers.obj (.text:MAX)
                  0001c1a8    00000040     registers.obj (.text:MIN)
                  0001c1e8    00000040     stk.aem4f : pbm.oem4f (.text:PBM_copy)
                  0001c228    00000040     registers.obj (.text:REM)
                  0001c268    00000040     drivers_msp432e4.aem4f : RingBuf.oem4f (.text:RingBuf_get)
                  0001c2a8    00000040                            : SPI.oem4f (.text:SPI_open)
                  0001c2e8    00000040     os.aem4f : semaphore.oem4f (.text:SemCreate)
                  0001c328    00000040     slnetsock_release.a : slnetsock.oem4f (.text:SlNetSock_bind)
                  0001c368    00000040     stk.aem4f : sockpcb.oem4f (.text:SockPcbRtChange)
                  0001c3a8    00000040     msp432e4_driverlib.a : sysctl.o (.text:SysCtlPeripheralDisable)
                  0001c3e8    00000040                          : sysctl.o (.text:SysCtlPeripheralEnable)
                  0001c428    00000040                          : sysctl.o (.text:SysCtlPeripheralPowerOff)
                  0001c468    00000040                          : sysctl.o (.text:SysCtlPeripheralPowerOn)
                  0001c4a8    00000040                          : sysctl.o (.text:SysCtlPeripheralSleepDisable)
                  0001c4e8    00000040                          : sysctl.o (.text:SysCtlPeripheralSleepEnable)
                  0001c528    00000040     stk.aem4f : tcpprot.oem4f (.text:TcpPrSend)
                  0001c568    00000040     drivers_msp432e4.aem4f : Timer.oem4f (.text:Timer_open)
                  0001c5a8    00000040                            : UARTMSP432E4.oem4f (.text:UARTMSP432E4_read)
                  0001c5e8    00000040                            : UART.oem4f (.text:UART_open)
                  0001c628    00000040                            : UDMAMSP432E4.oem4f (.text:UDMAMSP432E4_init)
                  0001c668    00000040                            : SPIMSP432E4DMA.oem4f (.text:getPeripheralResetId)
                  0001c6a8    00000040     rtsv7M4_T_le_v4SPD16_eabi.lib : u_divt2.asm.obj (.text)
                  0001c6e8    00000040                                   : sprintf.c.obj (.text:sprintf)
                  0001c728    00000040                                   : strtok.c.obj (.text:strtok)
                  0001c768    00000040     sysbios.aem4f : BIOS.obj (.text:ti_sysbios_family_arm_lm4_Timer_startup__E)
                  0001c7a8    00000040                   : BIOS.obj (.text:ti_sysbios_heaps_HeapMem_Instance_init__E)
                  0001c7e8    00000040     msp432e4_driverlib.a : udma.o (.text:uDMAInit)
                  0001c828    0000003e     nettool_ipv4.aem4f : dhcpmain.oem4f (.text:DHCPClose)
                  0001c866    00000002     --HOLE-- [fill = 0]
                  0001c868    0000003e     stk.aem4f : nimu.oem4f (.text:NIMUAllocateName)
                  0001c8a6    0000003e     slnetsock_release.a : slnetsock.oem4f (.text:SlNetSock_close)
                  0001c8e4    0000003e     stk.aem4f : tcpprot.oem4f (.text:TcpPrDisconnect)
                  0001c922    0000003e     rtsv7M4_T_le_v4SPD16_eabi.lib : _printfi.c.obj (.text:_fcpy)
                  0001c960    0000003e     stk.aem4f : file.oem4f (.text:fdint_unlockfd)
                  0001c99e    0000003c     nettool_ipv4.aem4f : config.oem4f (.text:CfgEntryGetData)
                  0001c9da    00000002     --HOLE-- [fill = 0]
                  0001c9dc    0000003c     registers.obj (.text:DIV)
                  0001ca18    0000003c     stk.aem4f : exec.oem4f (.text:ExecClose)
                  0001ca54    0000003c               : node.oem4f (.text:NodeUpdatePL)
                  0001ca90    0000003c               : rtable.oem4f (.text:RtWalkBegin)
                  0001cacc    0000003c     dpl_msp432e4.aem4f : SemaphoreP_tirtos.oem4f (.text:SemaphoreP_create)
                  0001cb08    0000003c     stk.aem4f : tcpprot.oem4f (.text:TcpPrConnect)
                  0001cb44    0000003c               : tcptime.oem4f (.text:TcpSetPersist)
                  0001cb80    0000003c               : rtc.oem4f (.text:_RTCSendRtAdv)
                  0001cbbc    0000003c               : rtable.oem4f (.text:_RtNodeRemove)
                  0001cbf8    0000003c     hal_timer.aem4f : lltimer.oem4f (.text:_llTimerInit)
                  0001cc34    00000004     stk.aem4f : listlib.oem4f (.text:list_get_next)
                  0001cc38    0000003c     sysbios.aem4f : BIOS.obj (.text:ti_sysbios_family_arm_m3_Hwi_Instance_finalize__E)
                  0001cc74    0000003c     release_pem4f.oem4f (.text:ti_sysbios_knl_Clock_create)
                  0001ccb0    0000003c     sysbios.aem4f : BIOS.obj (.text:ti_sysbios_knl_Swi_restore__E)
                  0001ccec    00000004     release_pem4f.oem4f (.text:ti_sysbios_BIOS_RtsGateProxy_enter__E)
                  0001ccf0    0000003c     sysbios.aem4f : BIOS.obj (.text:timer_delete)
                  0001cd2c    0000003c     msp432e4_driverlib.a : udma.o (.text:uDMAChannelControlSet)
                  0001cd68    0000003c     sysbios.aem4f : BIOS.obj (.text:xdc_runtime_System_processAtExit__E)
                  0001cda4    0000003a     stk.aem4f : ip.oem4f (.text:IPChecksum)
                  0001cdde    00000002     --HOLE-- [fill = 0]
                  0001cde0    00000038     registers.obj (.text:AND)
                  0001ce18    00000038     registers.obj (.text:IOR)
                  0001ce50    00000038     stk.aem4f : ipfrag.oem4f (.text:IPReasmTimeout)
                  0001ce88    00000038     registers.obj (.text:MUL)
                  0001cec0    00000038     stk.aem4f : node.oem4f (.text:NodeGetRt)
                  0001cef8    00000038               : sb.oem4f (.text:SBSetMax)
                  0001cf30    00000038     slnetsock_release.a : slnetif.oem4f (.text:SlNetIf_configCheck)
                  0001cf68    00000038                         : slnetutils.oem4f (.text:SlNetUtil_htonl)
                  0001cfa0    00000038     stk.aem4f : tcpprot.oem4f (.text:TcpClose)
                  0001cfd8    00000038               : timer.oem4f (.text:TimerHSTick)
                  0001d010    00000038     drivers_msp432e4.aem4f : TimerMSP432E4.oem4f (.text:TimerMSP432E4_hwiIntFunction)
                  0001d048    00000038     registers.obj (.text:XOR)
                  0001d080    00000038     rtsv7M4_T_le_v4SPD16_eabi.lib : trgmsg.c.obj (.text:__TI_writemsg)
                  0001d0b8    00000038     nettool_ipv4.aem4f : dhcptags.oem4f (.text:dhcpOptionsClear)
                  0001d0f0    00000038     stk.aem4f : file.oem4f (.text:fdint_waitevent)
                  0001d128    00000038     rtsv7M4_T_le_v4SPD16_eabi.lib : fs_tod_t2.asm.obj (.text)
                  0001d160    00000038     sysbios.aem4f : BIOS.obj (.text:ti_sysbios_knl_Task_processVitalTaskFlag__I)
                  0001d198    00000036     drivers_msp432e4.aem4f : ADCBufMSP432E4.oem4f (.text:ADCBufMSP432E4_convertAdjustedToMicroVolts)
                  0001d1ce    00000036     msp432e4_driverlib.a : timer.o (.text:TimerControlStall)
                  0001d204    00000036     drivers_msp432e4.aem4f : UARTMSP432E4.oem4f (.text:UARTMSP432E4_readCancel)
                  0001d23a    00000036     rtsv7M4_T_le_v4SPD16_eabi.lib : strncpy.c.obj (.text:strncpy)
                  0001d270    00000034     callback.obj (.text:ADC_BUFFER_CALLBACK_FXN)
                  0001d2a4    00000034     nettool_ipv4.aem4f : config.oem4f (.text:CfgSetService)
                  0001d2d8    00000034     drivers_msp432e4.aem4f : EMACMSP432E4.oem4f (.text:EMACMSP432E4_emacPoll)
                  0001d30c    00000034     registers.obj (.text:MOV)
                  0001d340    00000034     stk.aem4f : nimu.oem4f (.text:NIMUFindByName)
                  0001d374    00000034               : rawethsock.oem4f (.text:RawEthSockClose)
                  0001d3a8    00000034               : rawethsock.oem4f (.text:RawEthSockNotify)
                  0001d3dc    00000034     slnetsock_release.a : slnetutils.oem4f (.text:SlNetUtil_htons)
                  0001d410    00000034     stk.aem4f : sockprot.oem4f (.text:SockPrCtlError)
                  0001d444    00000034     drivers_msp432e4.aem4f : TimerMSP432E4.oem4f (.text:TimerMSP432E4_close)
                  0001d478    00000034     registers.obj (.text:XCHG)
                  0001d4ac    00000034     rtsv7M4_T_le_v4SPD16_eabi.lib : fopen.c.obj (.text:__TI_cleanup)
                  0001d4e0    00000034                                   : trgmsg.c.obj (.text:__TI_readmsg)
                  0001d514    00000004     release_pem4f.oem4f (.text:ti_sysbios_BIOS_RtsGateProxy_leave__E)
                  0001d518    00000034     sysbios.aem4f : BIOS.obj (.text:_pthread_delete$44)
                  0001d54c    00000034     slnetifndk_msp432e4.aem4f : slnetifndk.oem4f (.text:addSktToTable)
                  0001d580    00000034     nettool_ipv4.aem4f : dhcpbild.oem4f (.text:dhcpBuildDiscover)
                  0001d5b4    00000034     drivers_msp432e4.aem4f : SPIMSP432E4DMA.oem4f (.text:getPowerMgrId)
                  0001d5e8    00000034     os.aem4f : mem.oem4f (.text:mmUnInitPage)
                  0001d61c    00000034              : ossys.oem4f (.text:stricmp)
                  0001d650    00000034     rtsv7M4_T_le_v4SPD16_eabi.lib : strstr.c.obj (.text:strstr)
                  0001d684    00000034     release_pem4f.oem4f (.text:ti_sysbios_knl_Semaphore_create)
                  0001d6b8    00000032     nettool_ipv4.aem4f : config.oem4f (.text:CfgGetImmediate)
                  0001d6ea    00000032     stk.aem4f : pipe.oem4f (.text:PipeCheck)
                  0001d71c    00000032               : route.oem4f (.text:RtDeRef)
                  0001d74e    00000032               : route.oem4f (.text:RtSetFailure)
                  0001d780    00000032               : sb.oem4f (.text:SBFlush)
                  0001d7b2    00000032     nettool_ipv4.aem4f : config.oem4f (.text:_CfgAcquire)
                  0001d7e4    00000032                        : dhcpsm.oem4f (.text:dhcpIPRemove)
                  0001d816    00000002     --HOLE-- [fill = 0]
                  0001d818    00000032     sysbios.aem4f : BIOS.obj (.text:ti_sysbios_hal_Hwi_initStack)
                  0001d84a    00000006     drivers_msp432e4.aem4f : ADCBufMSP432E4.oem4f (.text:ADCBufMSP432E4_control)
                  0001d850    00000032     sysbios.aem4f : BIOS.obj (.text:xdc_runtime_System_putchar__I)
                  0001d882    00000002     --HOLE-- [fill = 0]
                  0001d884    00000030     ti_drivers_config.obj (.text:Board_init)
                  0001d8b4    00000030     drivers_msp432e4.aem4f : EMACMSP432E4.oem4f (.text:EMACMSP432E4_isLinkUp)
                  0001d8e4    00000030                            : GPIOMSP432E4.oem4f (.text:GPIOMSP432E4_undoPinConfig)
                  0001d914    00000030                            : GPIOMSP432E4.oem4f (.text:GPIO_enableInt)
                  0001d944    00000030                            : GPIOMSP432E4.oem4f (.text:GPIO_read)
                  0001d974    00000030     netctrl_min_ipv4.aem4f : netsrv.oem4f (.text:NS_PreBoot)
                  0001d9a4    00000030     slnetsock_release.a : slnetif.oem4f (.text:SlNetIf_getIDByName)
                  0001d9d4    00000030     stk.aem4f : sock.oem4f (.text:SockBind)
                  0001da04    00000030               : sock.oem4f (.text:SockGetName)
                  0001da34    00000030               : sockpcb.oem4f (.text:SockPcbAttach)
                  0001da64    00000030     msp432e4_driverlib.a : uart.o (.text:UARTDisable)
                  0001da94    00000030     rtsv7M4_T_le_v4SPD16_eabi.lib : snprintf.c.obj (.text:_outs)
                  0001dac4    00000030     nettool_ipv4.aem4f : dhcpsock.oem4f (.text:dhcpPacketSend)
                  0001daf4    00000030     stk.aem4f : file.oem4f (.text:fdint_setevent)
                  0001db24    00000030     rtsv7M4_T_le_v4SPD16_eabi.lib : getdevice.c.obj (.text:finddevice)
                  0001db54    00000030     stk.aem4f : listlib.oem4f (.text:list_remove_node)
                  0001db84    00000030     release_pem4f.oem4f (.text:ti_sysbios_BIOS_atExitFunc__I)
                  0001dbb4    00000030     release_pem4f.oem4f (.text:ti_sysbios_BIOS_startFunc__I)
                  0001dbe4    00000004     sysbios.aem4f : BIOS.obj (.text:ti_sysbios_family_arm_lm4_Timer_masterEnable__I)
                  0001dbe8    00000030                   : BIOS.obj (.text:ti_sysbios_family_arm_lm4_Timer_stop__E)
                  0001dc18    00000030                   : BIOS.obj (.text:ti_sysbios_family_arm_m3_TaskSupport_start__E)
                  0001dc48    00000030     release_pem4f.oem4f (.text:ti_sysbios_gates_GateHwi_Object__create__S)
                  0001dc78    00000030     release_pem4f.oem4f (.text:ti_sysbios_gates_GateMutex_Object__create__S)
                  0001dca8    00000030     sysbios.aem4f : BIOS.obj (.text:ti_sysbios_gates_GateMutex_enter__E)
                  0001dcd8    00000030     release_pem4f.oem4f (.text:ti_sysbios_heaps_HeapMem_Object__create__S)
                  0001dd08    00000030     release_pem4f.oem4f (.text:ti_sysbios_knl_Clock_construct)
                  0001dd38    00000030     release_pem4f.oem4f (.text:ti_sysbios_knl_Semaphore_construct)
                  0001dd68    00000030     sysbios.aem4f : BIOS.obj (.text:ti_sysbios_knl_Semaphore_pendTimeout__I)
                  0001dd98    00000030                   : BIOS.obj (.text:ti_sysbios_knl_Task_restore__E)
                  0001ddc8    00000030                   : BIOS.obj (.text:ti_sysbios_knl_Task_unblockI__E)
                  0001ddf8    0000002e     drivers_msp432e4.aem4f : EMACMSP432E4.oem4f (.text:EMACMSP432E4_emacioctl)
                  0001de26    0000002e     stk.aem4f : sb.oem4f (.text:SBFree)
                  0001de54    0000002e     rtsv7M4_T_le_v4SPD16_eabi.lib : i_tofd_t2.asm.obj (.text)
                  0001de82    0000002e                                   : strncat.c.obj (.text:strncat)
                  0001deb0    0000002e     release_pem4f.oem4f (.text:ti_sysbios_rts_MemAlloc_alloc)
                  0001dede    0000002c     stk.aem4f : file.oem4f (.text:FdSignalEvent)
                  0001df0a    00000002     --HOLE-- [fill = 0]
                  0001df0c    0000002c               : igmp.oem4f (.text:IGMPTestGroup)
                  0001df38    0000002c     os.aem4f : NDK_SemaphoreP_tirtos.oem4f (.text:NDK_SemaphoreP_createBinary)
                  0001df64    0000002c     stk.aem4f : nimu.oem4f (.text:NIMUPacketServiceCheck)
                  0001df90    0000002c               : pipe.oem4f (.text:PipeClose)
                  0001dfbc    0000002c     dpl_msp432e4.aem4f : SemaphoreP_tirtos.oem4f (.text:SemaphoreP_createBinary)
                  0001dfe8    0000002c     msp432e4_driverlib.a : sysctl.o (.text:SysCtlPeripheralClockGating)
                  0001e014    0000002c     stk.aem4f : lli.oem4f (.text:_LLIExpListRemove)
                  0001e040    0000002c               : lli.oem4f (.text:_LLITimeoutFlush)
                  0001e06c    0000002c               : rtable.oem4f (.text:_RtExpListRemove)
                  0001e098    0000002c     sysbios.aem4f : BIOS.obj (.text:_pthread_cleanupFxn)
                  0001e0c4    00000004     release_pem4f.oem4f (.text:ti_sysbios_family_arm_m3_Hwi_delete)
                  0001e0c8    0000002c     sysbios.aem4f : BIOS.obj (.text:clockFxn$42)
                  0001e0f4    0000002c     slnetsock_release.a : slnetutils.oem4f (.text:mergeLists)
                  0001e120    0000002c     udpEcho.obj (.text:select)
                  0001e14c    0000002c     release_pem4f.oem4f (.text:ti_sysbios_gates_GateHwi_Handle__label__S)
                  0001e178    0000002c     release_pem4f.oem4f (.text:ti_sysbios_gates_GateMutex_Handle__label__S)
                  0001e1a4    0000002c     release_pem4f.oem4f (.text:ti_sysbios_heaps_HeapMem_Handle__label__S)
                  0001e1d0    0000002c     release_pem4f.oem4f (.text:ti_sysbios_knl_Clock_doTick__I)
                  0001e1fc    00000004     release_pem4f.oem4f (.text:ti_sysbios_family_arm_m3_TaskSupport_Module__startupDone__S)
                  0001e200    0000002c     sysbios.aem4f : BIOS.obj (.text:ti_sysbios_knl_Clock_getTimeout__E)
                  0001e22c    0000002c     release_pem4f.oem4f (.text:ti_sysbios_knl_Queue_construct)
                  0001e258    0000002c     rtsv7M4_T_le_v4SPD16_eabi.lib : unlink.c.obj (.text:unlink)
                  0001e284    0000002a     stk.aem4f : pbm.oem4f (.text:PBMQ_deq)
                  0001e2ae    0000002a     netctrl_min_ipv4.aem4f : netsrv.oem4f (.text:ServiceCallback)
                  0001e2d8    0000002a     slnetsock_release.a : slnetutils.oem4f (.text:SlNetUtil_inetPton)
                  0001e302    0000002a     stk.aem4f : tcpin.oem4f (.text:TcpEnterTimeWait)
                  0001e32c    0000002a     msp432e4_driverlib.a : timer.o (.text:TimerLoadSet)
                  0001e356    0000002a                          : timer.o (.text:TimerPrescaleSet)
                  0001e380    0000002a     nettool_ipv4.aem4f : config.oem4f (.text:_CfgRelease)
                  0001e3aa    0000002a     release_pem4f.oem4f (.text:calloc)
                  0001e3d4    0000002a     ti_ndk_config.obj (.text:configUdp)
                  0001e3fe    0000002a     nettool_ipv4.aem4f : dhcpsock.oem4f (.text:dhcpPacketReceive)
                  0001e428    0000002a     sysbios.aem4f : BIOS.obj (.text:sem_init)
                  0001e452    0000002a     rtsv7M4_T_le_v4SPD16_eabi.lib : strspn.c.obj (.text:strspn)
                  0001e47c    00000028     msp432e4_driverlib.a : adc.o (.text:ADCProcessorTrigger)
                  0001e4a4    00000028     stk.aem4f : bind.oem4f (.text:BindFindByNet)
                  0001e4cc    00000028     msp432e4_driverlib.a : flash.o (.text:FlashUserGet)
[...]
00020f7c  ti_sysbios_knl_Clock_Object__DESC__C                            
00020f9c  ti_sysbios_knl_Queue_Object__DESC__C                            
00020fbc  ti_sysbios_knl_Semaphore_Object__DESC__C                        
00020fdc  ti_sysbios_knl_Swi_Object__DESC__C                              
00020ffc  ti_sysbios_knl_Task_Object__DESC__C                             
0002101c  timerMSP432E4HWAttrs                                            
0002105c  xdc_runtime_Startup_sfxnTab__A                                  
0002107c  ADCBuf_defaultParams                                            
00021094  ADCMSP432E4_fxnTable                                            
000210ac  ADC_config                                                      
000210c4  EMACMSP432E4_hwAttrs                                            
000210dc  SPIMSP432E4DMA_fxnTable                                         
000210f4  Timer_config                                                    
0002110c  UART_config                                                     
0002113c  ti_ndk_config_Global_rawPageSize                                
00021140  ti_ndk_config_Global_rawPageCount                               
00021144  ti_ndk_config_Global_smallest                                   
00021148  ti_ndk_config_Global_largest                                    
0002114c  ti_ndk_config_Global_numFrameBuf                                
00021150  ti_ndk_config_Global_sizeFrameBuf                               
00021154  ti_sysbios_gates_GateHwi_Object__PARAMS__C                      
0002116c  ti_sysbios_gates_GateMutex_Object__PARAMS__C                    
00021184  ti_sysbios_knl_Queue_Object__PARAMS__C                          
0002119c  CONFIG_ADC_0_CONST                                              
0002119d  CONFIG_ADC_1_CONST                                              
0002119e  ADC_count                                                       
0002119f  CONFIG_ADCBUF_0_CONST                                           
000211a0  ADCBUF_CHANNEL_0_CONST                                          
000211a1  ADCBuf_count                                                    
000211a2  CONFIG_GPIO_LED_0_CONST                                         
000211a3  CONFIG_GPIO_LED_1_CONST                                         
000211a4  CONFIG_GPIO_LED_2_CONST                                         
000211a5  CONFIG_GPIO_LED_3_CONST                                         
000211a6  CONFIG_GPIO_PK5_CONST                                           
000211a7  CONFIG_GPIO_PD4_CONST                                           
000211a8  CONFIG_GPIO_SW_1_CONST                                          
000211a9  CONFIG_GPIO_SW_2_CONST                                          
000211aa  CONFIG_SPI_0_CONST                                              
000211ab  SPI_count                                                       
000211ac  CONFIG_TIMER_0_CONST                                            
000211ad  CONFIG_TIMER_1_CONST                                            
000211ae  Timer_count                                                     
000211af  CONFIG_UART_0_CONST                                             
000211b0  CONFIG_UART_1_CONST                                             
000211b1  UART_count                                                      
000211b2  ti_sysbios_heaps_HeapMem_Module__id__C                          
000211b4  GPIOMSP432E4_config                                             
00021200  xdc_runtime_Startup_firstFxns__A                                
00021210  xdc_runtime_Startup_sfxnRts__A                                  
00021220  ADCBuf_config                                                   
0002122c  SPI_config                                                      
00021244  ti_sysbios_knl_Idle_funcList__A                                 
00021250  udmaMSP432E4HWAttrs                                             
0002125c  ADC_defaultParams                                               
00021264  PowerMSP432E4_config                                            
0002126c  UDMAMSP432E4_config                                             
000212a4  ti_sysbios_knl_Idle_funcList__C                                 
000212ac  ti_sysbios_knl_Task_hooks__C                                    
000212b4  xdc_runtime_Startup_firstFxns__C                                
000212bc  xdc_runtime_Startup_lastFxns__C                                 
000212d1  xdc_runtime_Error_policy__C                                     
000212d2  ti_sysbios_knl_Task_Module__id__C                               
000212e8  ti_sysbios_family_arm_lm4_Timer_enableFunc__C                   
000212ec  ti_sysbios_family_arm_lm4_Timer_numTimerDevices__C              
000212f0  ti_sysbios_family_arm_lm4_Timer_startupNeeded__C                
000212f4  ti_sysbios_family_arm_m3_Hwi_E_alreadyDefined__C                
000212f8  ti_sysbios_family_arm_m3_Hwi_E_badIntNum__C                     
000212fc  ti_sysbios_family_arm_m3_Hwi_NUM_INTERRUPTS__C                  
00021300  ti_sysbios_family_arm_m3_Hwi_Object__count__C                   
00021304  ti_sysbios_family_arm_m3_Hwi_ccr__C                             
00021308  ti_sysbios_family_arm_m3_Hwi_excHandlerFunc__C                  
0002130c  ti_sysbios_family_arm_m3_Hwi_nullIsrFunc__C                     
00021310  ti_sysbios_family_arm_m3_Hwi_priGroup__C                        
00021314  ti_sysbios_family_arm_m3_TaskSupport_stackAlignment__C          
00021318  ti_sysbios_gates_GateMutex_Instance_State_sem__O                
0002131c  ti_sysbios_heaps_HeapMem_E_memory__C                            
00021320  ti_sysbios_heaps_HeapMem_Module__gateObj__C                     
00021324  ti_sysbios_heaps_HeapMem_Object__count__C                       
00021328  ti_sysbios_heaps_HeapMem_primaryHeapBaseAddr__C                 
0002132c  ti_sysbios_heaps_HeapMem_primaryHeapEndAddr__C                  
00021330  ti_sysbios_heaps_HeapMem_reqAlign__C                            
00021334  ti_sysbios_knl_Clock_Module_State_clockQ__O                     
00021338  ti_sysbios_knl_Clock_tickPeriod__C                              
0002133c  ti_sysbios_knl_Mailbox_Instance_State_freeQue__O                
00021340  ti_sysbios_knl_Mailbox_Object__count__C                         
00021344  ti_sysbios_knl_Mailbox_maxTypeAlign__C                          
00021348  ti_sysbios_knl_Semaphore_Instance_State_pendQ__O                
0002134c  ti_sysbios_knl_Swi_Object__count__C                             
00021350  ti_sysbios_knl_Task_E_deleteNotAllowed__C                       
00021354  ti_sysbios_knl_Task_Module_State_inactiveQ__O                   
00021358  ti_sysbios_knl_Task_Module_State_terminatedQ__O                 
0002135c  ti_sysbios_knl_Task_Object__count__C                            
00021360  ti_sysbios_knl_Task_Object__heap__C                             
00021364  ti_sysbios_knl_Task_allBlockedFunc__C                           
00021368  ti_sysbios_knl_Task_defaultStackHeap__C                         
0002136c  ti_sysbios_knl_Task_defaultStackSize__C                         
00021370  ti_sysbios_knl_Task_numConstructedTasks__C                      
00021374  xdc_runtime_Error_E_memory__C                                   
00021378  xdc_runtime_Error_policyFxn__C                                  
0002137c  xdc_runtime_IGateProvider_Interface__BASE__C                    
00021380  xdc_runtime_IHeap_Interface__BASE__C                            
00021384  xdc_runtime_IModule_Interface__BASE__C                          
00021388  xdc_runtime_Memory_defaultHeapInstance__C                       
0002138c  xdc_runtime_Startup_execImpl__C                                 
00021390  xdc_runtime_Startup_maxPasses__C                                
00021394  xdc_runtime_Startup_sfxnRts__C                                  
00021398  xdc_runtime_Startup_sfxnTab__C                                  
0002139c  xdc_runtime_SysCallback_abortFxn__C                             
000213a0  xdc_runtime_SysCallback_exitFxn__C                              
000213a4  xdc_runtime_SysCallback_putchFxn__C                             
000213a8  xdc_runtime_SysCallback_readyFxn__C                             
000213ac  xdc_runtime_System_Module__gateObj__C                           
000213b0  xdc_runtime_System_abortFxn__C                                  
000213b4  xdc_runtime_System_exitFxn__C                                   
000213b8  xdc_runtime_System_extendFxn__C                                 
000213bc  xdc_runtime_System_maxAtexitHandlers__C                         
000213c0  xdc_runtime_Memory_Module__id__C                                
000213c8  __TI_static_base__                                              
00021ea0  __TI_Handler_Table_Base                                         
00021eac  __TI_Handler_Table_Limit                                        
00021eb8  __TI_CINIT_Base                                                 
00021ec8  __TI_CINIT_Limit                                                
20000000  __start___llvm_prf_cnts                                         
20000000  __stop___llvm_prf_cnts                                          
20000000  ti_sysbios_family_arm_m3_Hwi_ramVectors                         
20000360  __primary_heap_start__                                          
20020360  __primary_heap_end__                                            
20020400  ti_ndk_config_Global_pit                                        
200204a8  ti_ndk_config_Global_pitBuffer                                  
20024ca8  ti_ndk_config_Global_pBufMem                                    
200288a8  ti_ndk_config_Global_pHdrMem                                    
20028c18  ti_sysbios_knl_Task_Instance_State_0_stack__A                   
20029c18  ti_sysbios_knl_Task_Instance_State_1_stack__A                   
2002ac18  ti_sysbios_knl_Task_Instance_State_2_stack__A                   
2002b418  ti_sysbios_knl_Task_Instance_State_3_stack__A                   
2002c418  ti_sysbios_knl_Task_Instance_State_4_stack__A                   
2002c618  scripts                                                         
2002e818  tickers                                                         
2002f218  __CIOBUF_                                                       
2002f338  uartMSP432E4Objects                                             
2002f800  ti_sysbios_family_arm_m3_Hwi_dispatchTable                      
2002fc60  NDK_tcps                                                        
2002fdd0  __TI_tmpnams                                                    
2002fe70  adcbufMSP432E4Objects                                           
20030234  registers                                                       
2003031c  NDK_ips                                                         
20030384  timerMSP432E4Objects                                            
200303ec  nimu_mcb                                                        
20030450  NDK_ICMPIn                                                      
2003049c  NDK_ICMPOut                                                     
200304e8  spiMSP432E4DMAObjects                                           
20030594  ti_ndk_socket_fdtable                                           
200305bc  vlan_mcb                                                        
200305e4  NDK_udps                                                        
200306d0  stkEvent                                                        
2003071c  NDK_raweths                                                     
2003072c  NDK_raws                                                        
2003073c  PBMQ_free                                                       
20030748  tpseudo                                                         
20030754  upseudo                                                         
20030770  parmbuf                                                         
20030778  ti_sysbios_knl_Task_Instance_State_0_hookEnv__A                 
20030780  ti_sysbios_knl_Task_Instance_State_1_hookEnv__A                 
20030788  ti_sysbios_knl_Task_Instance_State_2_hookEnv__A                 
20030790  ti_sysbios_knl_Task_Instance_State_3_hookEnv__A                 
20030798  ti_sysbios_knl_Task_Instance_State_4_hookEnv__A                 
200307a0  udmaMSP432E4Object                                              
200307bc  ADCMSP432E4Objects                                              
200307c0  _IGMPInDiscard                                                  
200307c4  _IGMPInQuery                                                    
200307c8  _IGMPInQueryGroup                                               
200307cc  _IGMPInResponse                                                 
200307d0  _IGMPOutResponse                                                
200307d4  raweth_pcb                                                      
200307d8  error                                                           
20032638  global                                                          
20032b68  sinTable                                                        
20032d6c  callback                                                        
20032f04  ti_sysbios_knl_Task_Object__table__V                            
20033080  PowerMSP432E4_module                                            
200331ec  _ftable                                                         
200332dc  _ipcfg                                                          
2003341c  ti_sysbios_knl_Swi_Module_State_0_readyQ__A                     
2003349c  ti_sysbios_knl_Task_Module_State_0_readyQ__A                    
2003351c  _device                                                         
20033594  ti_sysbios_knl_Swi_Object__table__V                             
200335f4  SlNetIfConfigNDK                                                
2003364c  ti_sysbios_gates_GateMutex_Object__table__V                     
200336a0  _stream                                                         
20033740  ti_sysbios_knl_Task_Module__state__V                            
20033804  ti_sysbios_family_arm_lm4_Timer_Module_State_0_device__A        
20033844  ti_sysbios_family_arm_lm4_Timer_Object__table__V                
20033884  ti_sysbios_knl_Semaphore_Object__table__V                       
200338f4  ti_sysbios_family_arm_m3_Hwi_Module__state__V                   
20033958  ti_sysbios_knl_Clock_Module__state__V                           
20033984  _oscfg                                                          
200339d0  ti_sysbios_BIOS_Module__state__V                                
200339f4  gpioCallbackFunctions                                           
20033a14  gpioPinConfigs                                                  
20033a34  pstrMsgName                                                     
20033a54  ti_sysbios_family_arm_lm4_Timer_Module_State_0_handles__A       
20033a74  xdc_runtime_Error_IgnoreBlock                                   
20033ab0  ti_ndk_config_Global_Id2Size                                    
20033acc  ti_sysbios_knl_Swi_Module__state__V                             
20033b00  ti_sysbios_family_arm_m3_Hwi_Object__table__V                   
20033b18  ti_sysbios_heaps_HeapMem_Object__table__V                       
20033b80  ti_sysbios_family_arm_lm4_Seconds_Module__state__V              
20033b94  adcBuf0MSP432E4Channels                                         
20033bd4  __TI_ft_end                                                     
20033bd8  __aeabi_stdin                                                   
20033bdc  __aeabi_stdout                                                  
20033be0  __aeabi_stderr                                                  
20033bec  _IGMPForceVersion1                                              
20033bf4  __TI_cleanup_ptr                                                
20033bf8  __TI_dtors_ptr                                                  
20033bfc  __TI_enable_exit_profile_output                                 
20033c00  NDK_createSockCtx                                               
20033c04  NDK_closeSockCtx                                                
20033c08  NDK_netStartError                                               
20033c0c  ti_sysbios_family_arm_lm4_Timer_Module__state__V                
20033c24  _lock                                                           
20033c28  _unlock                                                         
20033c2c  NIMUDeviceTable                                                 
20033c5c  NDK_ICMPInErrors                                                
20033c60  NDK_ICMPOutErrors                                               
20033c64  _IPExecuting                                                    
20033c84  tcp_iss                                                         
20033c88  ptTimeFirst                                                     
20033c94  ti_ndk_socket_max_fd                                            
20033c9c  ti_sysbios_family_arm_m3_Hwi_Module__root__V                    
20033ca4  ti_sysbios_gates_GateHwi_Module__root__V                        
20033cac  ti_sysbios_gates_GateMutex_Module__root__V                      
20033cb4  ti_sysbios_heaps_HeapMem_Module__root__V                        
20033cbc  ti_sysbios_knl_Clock_Module__root__V                            
20033cc4  ti_sysbios_knl_Queue_Module__root__V                            
20033ccc  ti_sysbios_knl_Semaphore_Module__root__V                        
20033cd4  ti_sysbios_knl_Swi_Module__root__V                              
20033cdc  ti_sysbios_knl_Task_Module__root__V                             
20033ce4  xdc_runtime_Startup_Module__state__V                            
20033cec  xdc_runtime_System_Module_State_0_atexitHandlers__A             
20033cf4  xdc_runtime_System_Module__state__V                             
20033d16  ti_sysbios_family_arm_m3_Hwi_Module_State_0_excActive__A        
20033d18  errorCount                                                      
20033d24  main_func_sp                                                    
20033d38  _IPReasmPtr                                                     
20033d4c  ti_sysbios_family_arm_m3_Hwi_Module_State_0_excContext__A       
20033d50  ti_sysbios_family_arm_m3_Hwi_Module_State_0_excStack__A         
20033d54  ti_sysbios_gates_GateHwi_Object__table__V                       
20033d58  ti_sysbios_knl_Task_Module_State_0_idleTask__A                  
20033d5c  ti_sysbios_rts_ti_ReentSupport_Module__state__V                 
20033d64  xdc_runtime_Memory_Module__state__V                             
2003fc00  __stack                                                         
20040000  __STACK_END                                                     
e000e000  ti_sysbios_family_arm_m3_Hwi_nvic                               
ffffffff  __TI_pprof_out_hndl                                             
ffffffff  __TI_prof_data_size                                             
ffffffff  __TI_prof_data_start                                            
ffffffff  __binit__                                                       
ffffffff  __c_args__                                                      
ffffffff  binit                                                           
UNDEFED   SHT$$INIT_ARRAY$$Base                                           
UNDEFED   SHT$$INIT_ARRAY$$Limit                                          

[1383 symbols]
